##### DART bat dau  2026-10-09 02:11:25
### ===== g3_1b  02:11:25
=== g3_1b / lora r=4  bat dau 02:11:25
=== g3_1b / lora r=4 ket thuc rc=0  03:07:36
    [lora_r4_na_s0]  BLEU-4 = 32.32   ROUGE-L = 52.91   (1500 cau)
=== g3_1b / rowspace r=4  bat dau 03:07:36
=== g3_1b / rowspace r=4 ket thuc rc=0  04:07:44
    [rowspace_r4_colperm_s0]  BLEU-4 = 33.36   ROUGE-L = 54.23   (1500 cau)
=== g3_1b / rowspace r=11  bat dau 04:07:44
=== g3_1b / rowspace r=11 ket thuc rc=0  05:08:20
    [rowspace_r11_colperm_s0]  BLEU-4 = 35.00   ROUGE-L = 55.71   (1500 cau)
### g3_1b XONG, da dong goi  05:08:21
### ===== g3_4b  05:08:21
=== g3_4b / lora r=4  bat dau 05:08:21
=== g3_4b / lora r=4 ket thuc rc=0  06:24:32
    [lora_r4_na_s0]  BLEU-4 = 39.12   ROUGE-L = 57.89   (1500 cau)
=== g3_4b / rowspace r=4  bat dau 06:24:32
=== g3_4b / rowspace r=4 ket thuc rc=0  07:47:07
    [rowspace_r4_colperm_s0]  BLEU-4 = 37.39   ROUGE-L = 58.19   (1500 cau)
=== g3_4b / rowspace r=7  bat dau 07:47:07
=== g3_4b / rowspace r=7 ket thuc rc=0  09:10:35
    [rowspace_r7_colperm_s0]  BLEU-4 = 36.42   ROUGE-L = 56.99   (1500 cau)
### g3_4b XONG, da dong goi  09:10:36
### ===== g3_12b  09:10:36
=== g3_12b / lora r=4  bat dau 09:10:36
