Warning: You are sending unauthenticated requests to the HF Hub. Please set a HF_TOKEN to enable higher rate limits and faster downloads.

=== lora_r4_na_s0 ===
model=unsloth/gemma-3-1b-pt  device=cuda  targets=['self_attn.k_proj', 'self_attn.v_proj']
  nap E2E NLG...
  train 62658 vi du | val 6980 | test 1500 MR duy nhat
Loading weights:   0%|          | 0/340 [00:00<?, ?it/s]Loading weights: 100%|██████████| 340/340 [00:00<00:00, 4348.50it/s]
  model dtype: bf16 (nguong kiem phan ra noi thanh 3e-02)

  TRAIN DUOC: 0.293 M (0.029 % cua 1000.18 M)   [dung model + phan ra: 1.7s]

  train: 62658 vi du, 23499 buoc, lr=0.0002 (linear), batch=8
    ep 0 step 100/23499  loss 4.8285  lr 4.00e-05  6.84 it/s  ETA 57m
    ep 0 step 200/23499  loss 3.9580  lr 8.00e-05  7.12 it/s  ETA 55m
    ep 0 step 300/23499  loss 3.4263  lr 1.20e-04  7.21 it/s  ETA 54m
    ep 0 step 400/23499  loss 3.2628  lr 1.60e-04  7.27 it/s  ETA 53m
    ep 0 step 500/23499  loss 3.1385  lr 2.00e-04  7.31 it/s  ETA 52m
    ep 0 step 600/23499  loss 3.0558  lr 1.99e-04  7.33 it/s  ETA 52m
    ep 0 step 700/23499  loss 2.9862  lr 1.98e-04  7.35 it/s  ETA 52m
    ep 0 step 800/23499  loss 3.0009  lr 1.97e-04  7.36 it/s  ETA 51m
    ep 0 step 900/23499  loss 2.9385  lr 1.97e-04  7.37 it/s  ETA 51m
    ep 0 step 1000/23499  loss 2.9304  lr 1.96e-04  7.37 it/s  ETA 51m
    ep 0 step 1100/23499  loss 2.9254  lr 1.95e-04  7.39 it/s  ETA 51m
    ep 0 step 1200/23499  loss 2.9288  lr 1.94e-04  7.41 it/s  ETA 50m
    ep 0 step 1300/23499  loss 2.8960  lr 1.93e-04  7.42 it/s  ETA 50m
    ep 0 step 1400/23499  loss 2.8545  lr 1.92e-04  7.42 it/s  ETA 50m
    ep 0 step 1500/23499  loss 2.8824  lr 1.91e-04  7.43 it/s  ETA 49m
    ep 0 step 1600/23499  loss 2.8757  lr 1.90e-04  7.43 it/s  ETA 49m
    ep 0 step 1700/23499  loss 2.8580  lr 1.90e-04  7.43 it/s  ETA 49m
    ep 0 step 1800/23499  loss 2.8382  lr 1.89e-04  7.44 it/s  ETA 49m
    ep 0 step 1900/23499  loss 2.8718  lr 1.88e-04  7.44 it/s  ETA 48m
    ep 0 step 2000/23499  loss 2.8617  lr 1.87e-04  7.44 it/s  ETA 48m
    ep 0 step 2100/23499  loss 2.8583  lr 1.86e-04  7.44 it/s  ETA 48m
    ep 0 step 2200/23499  loss 2.8424  lr 1.85e-04  7.44 it/s  ETA 48m
    ep 0 step 2300/23499  loss 2.8272  lr 1.84e-04  7.45 it/s  ETA 47m
    ep 0 step 2400/23499  loss 2.8692  lr 1.83e-04  7.45 it/s  ETA 47m
    ep 0 step 2500/23499  loss 2.8613  lr 1.83e-04  7.46 it/s  ETA 47m
    ep 0 step 2600/23499  loss 2.8016  lr 1.82e-04  7.47 it/s  ETA 47m
    ep 0 step 2700/23499  loss 2.8192  lr 1.81e-04  7.48 it/s  ETA 46m
    ep 0 step 2800/23499  loss 2.8286  lr 1.80e-04  7.49 it/s  ETA 46m
    ep 0 step 2900/23499  loss 2.8275  lr 1.79e-04  7.50 it/s  ETA 46m
    ep 0 step 3000/23499  loss 2.8129  lr 1.78e-04  7.51 it/s  ETA 45m
    ep 0 step 3100/23499  loss 2.8478  lr 1.77e-04  7.52 it/s  ETA 45m
    ep 0 step 3200/23499  loss 2.8095  lr 1.77e-04  7.53 it/s  ETA 45m
    ep 0 step 3300/23499  loss 2.8464  lr 1.76e-04  7.54 it/s  ETA 45m
    ep 0 step 3400/23499  loss 2.8540  lr 1.75e-04  7.55 it/s  ETA 44m
    ep 0 step 3500/23499  loss 2.8165  lr 1.74e-04  7.56 it/s  ETA 44m
    ep 0 step 3600/23499  loss 2.8104  lr 1.73e-04  7.56 it/s  ETA 44m
    ep 0 step 3700/23499  loss 2.8285  lr 1.72e-04  7.55 it/s  ETA 44m
    ep 0 step 3800/23499  loss 2.8668  lr 1.71e-04  7.55 it/s  ETA 43m
    ep 0 step 3900/23499  loss 2.8457  lr 1.70e-04  7.55 it/s  ETA 43m
    ep 0 step 4000/23499  loss 2.8610  lr 1.70e-04  7.55 it/s  ETA 43m
    ep 0 step 4100/23499  loss 2.8203  lr 1.69e-04  7.54 it/s  ETA 43m
    ep 0 step 4200/23499  loss 2.8263  lr 1.68e-04  7.54 it/s  ETA 43m
    ep 0 step 4300/23499  loss 2.8273  lr 1.67e-04  7.54 it/s  ETA 42m
    ep 0 step 4400/23499  loss 2.7931  lr 1.66e-04  7.54 it/s  ETA 42m
    ep 0 step 4500/23499  loss 2.8116  lr 1.65e-04  7.54 it/s  ETA 42m
    ep 0 step 4600/23499  loss 2.8279  lr 1.64e-04  7.54 it/s  ETA 42m
    ep 0 step 4700/23499  loss 2.8241  lr 1.63e-04  7.54 it/s  ETA 42m
    ep 0 step 4800/23499  loss 2.8015  lr 1.63e-04  7.53 it/s  ETA 41m
    ep 0 step 4900/23499  loss 2.7870  lr 1.62e-04  7.53 it/s  ETA 41m
    ep 0 step 5000/23499  loss 2.7898  lr 1.61e-04  7.53 it/s  ETA 41m
    ep 0 step 5100/23499  loss 2.7999  lr 1.60e-04  7.53 it/s  ETA 41m
    ep 0 step 5200/23499  loss 2.8119  lr 1.59e-04  7.53 it/s  ETA 41m
    ep 0 step 5300/23499  loss 2.7882  lr 1.58e-04  7.52 it/s  ETA 40m
    ep 0 step 5400/23499  loss 2.7576  lr 1.57e-04  7.52 it/s  ETA 40m
    ep 0 step 5500/23499  loss 2.7843  lr 1.57e-04  7.52 it/s  ETA 40m
    ep 0 step 5600/23499  loss 2.7928  lr 1.56e-04  7.52 it/s  ETA 40m
    ep 0 step 5700/23499  loss 2.8073  lr 1.55e-04  7.53 it/s  ETA 39m
    ep 0 step 5800/23499  loss 2.8279  lr 1.54e-04  7.53 it/s  ETA 39m
    ep 0 step 5900/23499  loss 2.7873  lr 1.53e-04  7.52 it/s  ETA 39m
    ep 0 step 6000/23499  loss 2.7770  lr 1.52e-04  7.52 it/s  ETA 39m
    ep 0 step 6100/23499  loss 2.7563  lr 1.51e-04  7.52 it/s  ETA 39m
    ep 0 step 6200/23499  loss 2.8088  lr 1.50e-04  7.52 it/s  ETA 38m
    ep 0 step 6300/23499  loss 2.8233  lr 1.50e-04  7.52 it/s  ETA 38m
    ep 0 step 6400/23499  loss 2.7841  lr 1.49e-04  7.52 it/s  ETA 38m
    ep 0 step 6500/23499  loss 2.7862  lr 1.48e-04  7.52 it/s  ETA 38m
    ep 0 step 6600/23499  loss 2.7715  lr 1.47e-04  7.52 it/s  ETA 37m
    ep 0 step 6700/23499  loss 2.7777  lr 1.46e-04  7.52 it/s  ETA 37m
    ep 0 step 6800/23499  loss 2.7840  lr 1.45e-04  7.52 it/s  ETA 37m
    ep 0 step 6900/23499  loss 2.8076  lr 1.44e-04  7.52 it/s  ETA 37m
    ep 0 step 7000/23499  loss 2.7830  lr 1.43e-04  7.51 it/s  ETA 37m
    ep 0 step 7100/23499  loss 2.8008  lr 1.43e-04  7.51 it/s  ETA 36m
    ep 0 step 7200/23499  loss 2.7767  lr 1.42e-04  7.51 it/s  ETA 36m
    ep 0 step 7300/23499  loss 2.7858  lr 1.41e-04  7.51 it/s  ETA 36m
    ep 0 step 7400/23499  loss 2.8098  lr 1.40e-04  7.51 it/s  ETA 36m
    ep 0 step 7500/23499  loss 2.7716  lr 1.39e-04  7.51 it/s  ETA 36m
    ep 0 step 7600/23499  loss 2.7723  lr 1.38e-04  7.51 it/s  ETA 35m
    ep 0 step 7700/23499  loss 2.7827  lr 1.37e-04  7.51 it/s  ETA 35m
    ep 0 step 7800/23499  loss 2.7890  lr 1.37e-04  7.50 it/s  ETA 35m
[W1009 02:29:18.848711300 CUDACachingAllocator.cpp:3933] memory allocation failed with OOM on device 0 while trying to allocate 1107296256 bytes (free: 378077184, total: 42405855232).
[W1009 02:29:21.220541814 CUDACachingAllocator.cpp:3933] memory allocation failed with OOM on device 0 while trying to allocate 1358954496 bytes (free: 457768960, total: 42405855232).
[W1009 02:29:24.721917373 CUDACachingAllocator.cpp:3933] memory allocation failed with OOM on device 0 while trying to allocate 1560281088 bytes (free: 306774016, total: 42405855232).
[W1009 02:29:25.361137499 CUDACachingAllocator.cpp:3933] memory allocation failed with OOM on device 0 while trying to allocate 1728053248 bytes (free: 1648951296, total: 42405855232).
[W1009 02:29:26.371177882 CUDACachingAllocator.cpp:3933] memory allocation failed with OOM on device 0 while trying to allocate 2013265920 bytes (free: 1095303168, total: 42405855232).
[W1009 02:29:27.403524041 CUDACachingAllocator.cpp:3933] memory allocation failed with OOM on device 0 while trying to allocate 2466250752 bytes (free: 1867055104, total: 42405855232).
[W1009 02:29:28.370127092 CUDACachingAllocator.cpp:3933] memory allocation failed with OOM on device 0 while trying to allocate 3019898880 bytes (free: 2085158912, total: 42405855232).
    [ep 0] val loss 1.2280  ppl 3.414  train 1.1860  gap +0.0420  (18s)  <- tot nhat
    ep 1 step 7900/23499  loss 2.8217  lr 1.36e-04  7.37 it/s  ETA 35m
    ep 1 step 8000/23499  loss 2.7776  lr 1.35e-04  7.37 it/s  ETA 35m
    ep 1 step 8100/23499  loss 2.7984  lr 1.34e-04  7.38 it/s  ETA 35m
    ep 1 step 8200/23499  loss 2.7854  lr 1.33e-04  7.38 it/s  ETA 35m
    ep 1 step 8300/23499  loss 2.8110  lr 1.32e-04  7.38 it/s  ETA 34m
    ep 1 step 8400/23499  loss 2.7860  lr 1.31e-04  7.38 it/s  ETA 34m
    ep 1 step 8500/23499  loss 2.7599  lr 1.30e-04  7.39 it/s  ETA 34m
    ep 1 step 8600/23499  loss 2.7659  lr 1.30e-04  7.39 it/s  ETA 34m
    ep 1 step 8700/23499  loss 2.8194  lr 1.29e-04  7.39 it/s  ETA 33m
    ep 1 step 8800/23499  loss 2.7597  lr 1.28e-04  7.39 it/s  ETA 33m
    ep 1 step 8900/23499  loss 2.7653  lr 1.27e-04  7.39 it/s  ETA 33m
    ep 1 step 9000/23499  loss 2.7849  lr 1.26e-04  7.39 it/s  ETA 33m
    ep 1 step 9100/23499  loss 2.8056  lr 1.25e-04  7.39 it/s  ETA 32m
    ep 1 step 9200/23499  loss 2.7882  lr 1.24e-04  7.39 it/s  ETA 32m
    ep 1 step 9300/23499  loss 2.7678  lr 1.23e-04  7.39 it/s  ETA 32m
    ep 1 step 9400/23499  loss 2.7477  lr 1.23e-04  7.39 it/s  ETA 32m
    ep 1 step 9500/23499  loss 2.7584  lr 1.22e-04  7.40 it/s  ETA 32m
    ep 1 step 9600/23499  loss 2.7493  lr 1.21e-04  7.40 it/s  ETA 31m
    ep 1 step 9700/23499  loss 2.7429  lr 1.20e-04  7.40 it/s  ETA 31m
    ep 1 step 9800/23499  loss 2.7684  lr 1.19e-04  7.40 it/s  ETA 31m
    ep 1 step 9900/23499  loss 2.7965  lr 1.18e-04  7.40 it/s  ETA 31m
    ep 1 step 10000/23499  loss 2.7582  lr 1.17e-04  7.40 it/s  ETA 30m
    ep 1 step 10100/23499  loss 2.8003  lr 1.17e-04  7.40 it/s  ETA 30m
    ep 1 step 10200/23499  loss 2.8096  lr 1.16e-04  7.40 it/s  ETA 30m
    ep 1 step 10300/23499  loss 2.7948  lr 1.15e-04  7.40 it/s  ETA 30m
    ep 1 step 10400/23499  loss 2.7546  lr 1.14e-04  7.40 it/s  ETA 29m
    ep 1 step 10500/23499  loss 2.7698  lr 1.13e-04  7.41 it/s  ETA 29m
    ep 1 step 10600/23499  loss 2.8077  lr 1.12e-04  7.41 it/s  ETA 29m
    ep 1 step 10700/23499  loss 2.7884  lr 1.11e-04  7.41 it/s  ETA 29m
    ep 1 step 10800/23499  loss 2.7856  lr 1.10e-04  7.41 it/s  ETA 29m
    ep 1 step 10900/23499  loss 2.7897  lr 1.10e-04  7.41 it/s  ETA 28m
    ep 1 step 11000/23499  loss 2.7720  lr 1.09e-04  7.41 it/s  ETA 28m
    ep 1 step 11100/23499  loss 2.8376  lr 1.08e-04  7.41 it/s  ETA 28m
    ep 1 step 11200/23499  loss 2.7863  lr 1.07e-04  7.41 it/s  ETA 28m
    ep 1 step 11300/23499  loss 2.7647  lr 1.06e-04  7.41 it/s  ETA 27m
    ep 1 step 11400/23499  loss 2.7745  lr 1.05e-04  7.41 it/s  ETA 27m
    ep 1 step 11500/23499  loss 2.8093  lr 1.04e-04  7.41 it/s  ETA 27m
    ep 1 step 11600/23499  loss 2.7926  lr 1.03e-04  7.41 it/s  ETA 27m
    ep 1 step 11700/23499  loss 2.7957  lr 1.03e-04  7.42 it/s  ETA 27m
    ep 1 step 11800/23499  loss 2.7838  lr 1.02e-04  7.42 it/s  ETA 26m
    ep 1 step 11900/23499  loss 2.7945  lr 1.01e-04  7.42 it/s  ETA 26m
    ep 1 step 12000/23499  loss 2.7604  lr 1.00e-04  7.42 it/s  ETA 26m
    ep 1 step 12100/23499  loss 2.7685  lr 9.91e-05  7.42 it/s  ETA 26m
    ep 1 step 12200/23499  loss 2.8220  lr 9.83e-05  7.42 it/s  ETA 25m
    ep 1 step 12300/23499  loss 2.7918  lr 9.74e-05  7.42 it/s  ETA 25m
    ep 1 step 12400/23499  loss 2.7946  lr 9.65e-05  7.42 it/s  ETA 25m
    ep 1 step 12500/23499  loss 2.7983  lr 9.56e-05  7.42 it/s  ETA 25m
    ep 1 step 12600/23499  loss 2.7533  lr 9.48e-05  7.42 it/s  ETA 24m
    ep 1 step 12700/23499  loss 2.7988  lr 9.39e-05  7.42 it/s  ETA 24m
    ep 1 step 12800/23499  loss 2.8019  lr 9.30e-05  7.42 it/s  ETA 24m
    ep 1 step 12900/23499  loss 2.7563  lr 9.22e-05  7.42 it/s  ETA 24m
    ep 1 step 13000/23499  loss 2.7825  lr 9.13e-05  7.42 it/s  ETA 24m
    ep 1 step 13100/23499  loss 2.7940  lr 9.04e-05  7.43 it/s  ETA 23m
    ep 1 step 13200/23499  loss 2.7686  lr 8.96e-05  7.43 it/s  ETA 23m
    ep 1 step 13300/23499  loss 2.7699  lr 8.87e-05  7.43 it/s  ETA 23m
    ep 1 step 13400/23499  loss 2.7761  lr 8.78e-05  7.44 it/s  ETA 23m
    ep 1 step 13500/23499  loss 2.7871  lr 8.70e-05  7.44 it/s  ETA 22m
    ep 1 step 13600/23499  loss 2.8002  lr 8.61e-05  7.44 it/s  ETA 22m
    ep 1 step 13700/23499  loss 2.8018  lr 8.52e-05  7.44 it/s  ETA 22m
    ep 1 step 13800/23499  loss 2.7998  lr 8.43e-05  7.45 it/s  ETA 22m
    ep 1 step 13900/23499  loss 2.7692  lr 8.35e-05  7.45 it/s  ETA 21m
    ep 1 step 14000/23499  loss 2.7553  lr 8.26e-05  7.45 it/s  ETA 21m
    ep 1 step 14100/23499  loss 2.7812  lr 8.17e-05  7.45 it/s  ETA 21m
    ep 1 step 14200/23499  loss 2.7556  lr 8.09e-05  7.45 it/s  ETA 21m
    ep 1 step 14300/23499  loss 2.7951  lr 8.00e-05  7.45 it/s  ETA 21m
    ep 1 step 14400/23499  loss 2.7697  lr 7.91e-05  7.46 it/s  ETA 20m
    ep 1 step 14500/23499  loss 2.7787  lr 7.83e-05  7.46 it/s  ETA 20m
    ep 1 step 14600/23499  loss 2.8049  lr 7.74e-05  7.46 it/s  ETA 20m
    ep 1 step 14700/23499  loss 2.7551  lr 7.65e-05  7.47 it/s  ETA 20m
    ep 1 step 14800/23499  loss 2.7733  lr 7.56e-05  7.47 it/s  ETA 19m
    ep 1 step 14900/23499  loss 2.7957  lr 7.48e-05  7.47 it/s  ETA 19m
    ep 1 step 15000/23499  loss 2.7972  lr 7.39e-05  7.47 it/s  ETA 19m
    ep 1 step 15100/23499  loss 2.8035  lr 7.30e-05  7.47 it/s  ETA 19m
    ep 1 step 15200/23499  loss 2.7764  lr 7.22e-05  7.47 it/s  ETA 19m
    ep 1 step 15300/23499  loss 2.7784  lr 7.13e-05  7.47 it/s  ETA 18m
    ep 1 step 15400/23499  loss 2.7670  lr 7.04e-05  7.47 it/s  ETA 18m
    ep 1 step 15500/23499  loss 2.7254  lr 6.96e-05  7.47 it/s  ETA 18m
    ep 1 step 15600/23499  loss 2.7719  lr 6.87e-05  7.47 it/s  ETA 18m
    [ep 1] val loss 1.2244  ppl 3.402  train 1.1698  gap +0.0546  (16s)  <- tot nhat
    ep 2 step 15700/23499  loss 2.7766  lr 6.78e-05  7.42 it/s  ETA 18m
    ep 2 step 15800/23499  loss 2.7800  lr 6.70e-05  7.42 it/s  ETA 17m
    ep 2 step 15900/23499  loss 2.7812  lr 6.61e-05  7.42 it/s  ETA 17m
    ep 2 step 16000/23499  loss 2.8235  lr 6.52e-05  7.42 it/s  ETA 17m
    ep 2 step 16100/23499  loss 2.7619  lr 6.43e-05  7.42 it/s  ETA 17m
    ep 2 step 16200/23499  loss 2.7520  lr 6.35e-05  7.42 it/s  ETA 16m
    ep 2 step 16300/23499  loss 2.7630  lr 6.26e-05  7.42 it/s  ETA 16m
    ep 2 step 16400/23499  loss 2.7451  lr 6.17e-05  7.42 it/s  ETA 16m
    ep 2 step 16500/23499  loss 2.7864  lr 6.09e-05  7.42 it/s  ETA 16m
    ep 2 step 16600/23499  loss 2.8301  lr 6.00e-05  7.42 it/s  ETA 15m
    ep 2 step 16700/23499  loss 2.8053  lr 5.91e-05  7.43 it/s  ETA 15m
    ep 2 step 16800/23499  loss 2.7543  lr 5.83e-05  7.43 it/s  ETA 15m
    ep 2 step 16900/23499  loss 2.7706  lr 5.74e-05  7.43 it/s  ETA 15m
    ep 2 step 17000/23499  loss 2.7343  lr 5.65e-05  7.43 it/s  ETA 15m
    ep 2 step 17100/23499  loss 2.7957  lr 5.56e-05  7.43 it/s  ETA 14m
    ep 2 step 17200/23499  loss 2.7700  lr 5.48e-05  7.43 it/s  ETA 14m
    ep 2 step 17300/23499  loss 2.7532  lr 5.39e-05  7.43 it/s  ETA 14m
    ep 2 step 17400/23499  loss 2.7572  lr 5.30e-05  7.43 it/s  ETA 14m
    ep 2 step 17500/23499  loss 2.7585  lr 5.22e-05  7.43 it/s  ETA 13m
    ep 2 step 17600/23499  loss 2.7700  lr 5.13e-05  7.43 it/s  ETA 13m
    ep 2 step 17700/23499  loss 2.7831  lr 5.04e-05  7.43 it/s  ETA 13m
    ep 2 step 17800/23499  loss 2.7742  lr 4.96e-05  7.43 it/s  ETA 13m
    ep 2 step 17900/23499  loss 2.7796  lr 4.87e-05  7.44 it/s  ETA 13m
    ep 2 step 18000/23499  loss 2.7812  lr 4.78e-05  7.44 it/s  ETA 12m
    ep 2 step 18100/23499  loss 2.7634  lr 4.69e-05  7.44 it/s  ETA 12m
    ep 2 step 18200/23499  loss 2.7500  lr 4.61e-05  7.44 it/s  ETA 12m
    ep 2 step 18300/23499  loss 2.7823  lr 4.52e-05  7.44 it/s  ETA 12m
    ep 2 step 18400/23499  loss 2.7954  lr 4.43e-05  7.44 it/s  ETA 11m
    ep 2 step 18500/23499  loss 2.7754  lr 4.35e-05  7.44 it/s  ETA 11m
    ep 2 step 18600/23499  loss 2.7753  lr 4.26e-05  7.44 it/s  ETA 11m
    ep 2 step 18700/23499  loss 2.7792  lr 4.17e-05  7.44 it/s  ETA 11m
    ep 2 step 18800/23499  loss 2.7882  lr 4.09e-05  7.44 it/s  ETA 11m
    ep 2 step 18900/23499  loss 2.7569  lr 4.00e-05  7.44 it/s  ETA 10m
    ep 2 step 19000/23499  loss 2.7354  lr 3.91e-05  7.44 it/s  ETA 10m
    ep 2 step 19100/23499  loss 2.8042  lr 3.83e-05  7.44 it/s  ETA 10m
    ep 2 step 19200/23499  loss 2.7850  lr 3.74e-05  7.44 it/s  ETA 10m
    ep 2 step 19300/23499  loss 2.7448  lr 3.65e-05  7.44 it/s  ETA 9m
    ep 2 step 19400/23499  loss 2.7900  lr 3.56e-05  7.44 it/s  ETA 9m
    ep 2 step 19500/23499  loss 2.7528  lr 3.48e-05  7.44 it/s  ETA 9m
    ep 2 step 19600/23499  loss 2.7485  lr 3.39e-05  7.44 it/s  ETA 9m
    ep 2 step 19700/23499  loss 2.7881  lr 3.30e-05  7.44 it/s  ETA 9m
    ep 2 step 19800/23499  loss 2.7697  lr 3.22e-05  7.44 it/s  ETA 8m
    ep 2 step 19900/23499  loss 2.8094  lr 3.13e-05  7.45 it/s  ETA 8m
    ep 2 step 20000/23499  loss 2.7875  lr 3.04e-05  7.45 it/s  ETA 8m
    ep 2 step 20100/23499  loss 2.7755  lr 2.96e-05  7.45 it/s  ETA 8m
    ep 2 step 20200/23499  loss 2.7662  lr 2.87e-05  7.45 it/s  ETA 7m
    ep 2 step 20300/23499  loss 2.7760  lr 2.78e-05  7.46 it/s  ETA 7m
    ep 2 step 20400/23499  loss 2.7493  lr 2.69e-05  7.46 it/s  ETA 7m
    ep 2 step 20500/23499  loss 2.7756  lr 2.61e-05  7.46 it/s  ETA 7m
    ep 2 step 20600/23499  loss 2.7795  lr 2.52e-05  7.46 it/s  ETA 6m
    ep 2 step 20700/23499  loss 2.7674  lr 2.43e-05  7.46 it/s  ETA 6m
    ep 2 step 20800/23499  loss 2.7378  lr 2.35e-05  7.47 it/s  ETA 6m
    ep 2 step 20900/23499  loss 2.7903  lr 2.26e-05  7.47 it/s  ETA 6m
    ep 2 step 21000/23499  loss 2.7777  lr 2.17e-05  7.47 it/s  ETA 6m
    ep 2 step 21100/23499  loss 2.7551  lr 2.09e-05  7.47 it/s  ETA 5m
    ep 2 step 21200/23499  loss 2.7787  lr 2.00e-05  7.47 it/s  ETA 5m
    ep 2 step 21300/23499  loss 2.7810  lr 1.91e-05  7.47 it/s  ETA 5m
    ep 2 step 21400/23499  loss 2.7810  lr 1.83e-05  7.48 it/s  ETA 5m
    ep 2 step 21500/23499  loss 2.7451  lr 1.74e-05  7.48 it/s  ETA 4m
    ep 2 step 21600/23499  loss 2.7956  lr 1.65e-05  7.48 it/s  ETA 4m
    ep 2 step 21700/23499  loss 2.7727  lr 1.56e-05  7.48 it/s  ETA 4m
    ep 2 step 21800/23499  loss 2.7734  lr 1.48e-05  7.48 it/s  ETA 4m
    ep 2 step 21900/23499  loss 2.7790  lr 1.39e-05  7.48 it/s  ETA 4m
    ep 2 step 22000/23499  loss 2.7971  lr 1.30e-05  7.48 it/s  ETA 3m
    ep 2 step 22100/23499  loss 2.7520  lr 1.22e-05  7.49 it/s  ETA 3m
    ep 2 step 22200/23499  loss 2.7827  lr 1.13e-05  7.49 it/s  ETA 3m
    ep 2 step 22300/23499  loss 2.7551  lr 1.04e-05  7.49 it/s  ETA 3m
    ep 2 step 22400/23499  loss 2.8036  lr 9.56e-06  7.49 it/s  ETA 2m
    ep 2 step 22500/23499  loss 2.8065  lr 8.69e-06  7.49 it/s  ETA 2m
    ep 2 step 22600/23499  loss 2.7662  lr 7.82e-06  7.49 it/s  ETA 2m
    ep 2 step 22700/23499  loss 2.8032  lr 6.95e-06  7.50 it/s  ETA 2m
    ep 2 step 22800/23499  loss 2.7515  lr 6.08e-06  7.50 it/s  ETA 2m
    ep 2 step 22900/23499  loss 2.7898  lr 5.21e-06  7.50 it/s  ETA 1m
    ep 2 step 23000/23499  loss 2.7297  lr 4.34e-06  7.50 it/s  ETA 1m
    ep 2 step 23100/23499  loss 2.7797  lr 3.47e-06  7.50 it/s  ETA 1m
    ep 2 step 23200/23499  loss 2.7739  lr 2.60e-06  7.50 it/s  ETA 1m
    ep 2 step 23300/23499  loss 2.7613  lr 1.73e-06  7.50 it/s  ETA 0m
    ep 2 step 23400/23499  loss 2.7516  lr 8.61e-07  7.50 it/s  ETA 0m
    [ep 2] val loss 1.2236  ppl 3.399  train 1.1717  gap +0.0519  (16s)  <- tot nhat
[transformers] Both `max_new_tokens` (=64) and `max_length`(=32768) seem to have been set. `max_new_tokens` will take precedence. Please refer to the documentation for more information. (https://huggingface.co/docs/transformers/main/en/main_classes/text_generation)
    luu runs_dart_g3_1b/lora_r4_na_s0_last.pt  (0.6 MB)
    luu runs_dart_g3_1b/lora_r4_na_s0_best.pt  (epoch 2, val 1.2236)
      sinh 32/1500  (4s)
[transformers] Both `max_new_tokens` (=64) and `max_length`(=32768) seem to have been set. `max_new_tokens` will take precedence. Please refer to the documentation for more information. (https://huggingface.co/docs/transformers/main/en/main_classes/text_generation)
[transformers] Both `max_new_tokens` (=64) and `max_length`(=32768) seem to have been set. `max_new_tokens` will take precedence. Please refer to the documentation for more information. (https://huggingface.co/docs/transformers/main/en/main_classes/text_generation)
[transformers] Both `max_new_tokens` (=64) and `max_length`(=32768) seem to have been set. `max_new_tokens` will take precedence. Please refer to the documentation for more information. (https://huggingface.co/docs/transformers/main/en/main_classes/text_generation)
[transformers] Both `max_new_tokens` (=64) and `max_length`(=32768) seem to have been set. `max_new_tokens` will take precedence. Please refer to the documentation for more information. (https://huggingface.co/docs/transformers/main/en/main_classes/text_generation)
[transformers] Both `max_new_tokens` (=64) and `max_length`(=32768) seem to have been set. `max_new_tokens` will take precedence. Please refer to the documentation for more information. (https://huggingface.co/docs/transformers/main/en/main_classes/text_generation)
[transformers] Both `max_new_tokens` (=64) and `max_length`(=32768) seem to have been set. `max_new_tokens` will take precedence. Please refer to the documentation for more information. (https://huggingface.co/docs/transformers/main/en/main_classes/text_generation)
[transformers] Both `max_new_tokens` (=64) and `max_length`(=32768) seem to have been set. `max_new_tokens` will take precedence. Please refer to the documentation for more information. (https://huggingface.co/docs/transformers/main/en/main_classes/text_generation)
[transformers] Both `max_new_tokens` (=64) and `max_length`(=32768) seem to have been set. `max_new_tokens` will take precedence. Please refer to the documentation for more information. (https://huggingface.co/docs/transformers/main/en/main_classes/text_generation)
[transformers] Both `max_new_tokens` (=64) and `max_length`(=32768) seem to have been set. `max_new_tokens` will take precedence. Please refer to the documentation for more information. (https://huggingface.co/docs/transformers/main/en/main_classes/text_generation)
[transformers] Both `max_new_tokens` (=64) and `max_length`(=32768) seem to have been set. `max_new_tokens` will take precedence. Please refer to the documentation for more information. (https://huggingface.co/docs/transformers/main/en/main_classes/text_generation)
[transformers] Both `max_new_tokens` (=64) and `max_length`(=32768) seem to have been set. `max_new_tokens` will take precedence. Please refer to the documentation for more information. (https://huggingface.co/docs/transformers/main/en/main_classes/text_generation)
[transformers] Both `max_new_tokens` (=64) and `max_length`(=32768) seem to have been set. `max_new_tokens` will take precedence. Please refer to the documentation for more information. (https://huggingface.co/docs/transformers/main/en/main_classes/text_generation)
[transformers] Both `max_new_tokens` (=64) and `max_length`(=32768) seem to have been set. `max_new_tokens` will take precedence. Please refer to the documentation for more information. (https://huggingface.co/docs/transformers/main/en/main_classes/text_generation)
[transformers] Both `max_new_tokens` (=64) and `max_length`(=32768) seem to have been set. `max_new_tokens` will take precedence. Please refer to the documentation for more information. (https://huggingface.co/docs/transformers/main/en/main_classes/text_generation)
[transformers] Both `max_new_tokens` (=64) and `max_length`(=32768) seem to have been set. `max_new_tokens` will take precedence. Please refer to the documentation for more information. (https://huggingface.co/docs/transformers/main/en/main_classes/text_generation)
[transformers] Both `max_new_tokens` (=64) and `max_length`(=32768) seem to have been set. `max_new_tokens` will take precedence. Please refer to the documentation for more information. (https://huggingface.co/docs/transformers/main/en/main_classes/text_generation)
[transformers] Both `max_new_tokens` (=64) and `max_length`(=32768) seem to have been set. `max_new_tokens` will take precedence. Please refer to the documentation for more information. (https://huggingface.co/docs/transformers/main/en/main_classes/text_generation)
[transformers] Both `max_new_tokens` (=64) and `max_length`(=32768) seem to have been set. `max_new_tokens` will take precedence. Please refer to the documentation for more information. (https://huggingface.co/docs/transformers/main/en/main_classes/text_generation)
[transformers] Both `max_new_tokens` (=64) and `max_length`(=32768) seem to have been set. `max_new_tokens` will take precedence. Please refer to the documentation for more information. (https://huggingface.co/docs/transformers/main/en/main_classes/text_generation)
[transformers] Both `max_new_tokens` (=64) and `max_length`(=32768) seem to have been set. `max_new_tokens` will take precedence. Please refer to the documentation for more information. (https://huggingface.co/docs/transformers/main/en/main_classes/text_generation)
      sinh 672/1500  (79s)
[transformers] Both `max_new_tokens` (=64) and `max_length`(=32768) seem to have been set. `max_new_tokens` will take precedence. Please refer to the documentation for more information. (https://huggingface.co/docs/transformers/main/en/main_classes/text_generation)
[transformers] Both `max_new_tokens` (=64) and `max_length`(=32768) seem to have been set. `max_new_tokens` will take precedence. Please refer to the documentation for more information. (https://huggingface.co/docs/transformers/main/en/main_classes/text_generation)
[transformers] Both `max_new_tokens` (=64) and `max_length`(=32768) seem to have been set. `max_new_tokens` will take precedence. Please refer to the documentation for more information. (https://huggingface.co/docs/transformers/main/en/main_classes/text_generation)
[transformers] Both `max_new_tokens` (=64) and `max_length`(=32768) seem to have been set. `max_new_tokens` will take precedence. Please refer to the documentation for more information. (https://huggingface.co/docs/transformers/main/en/main_classes/text_generation)
[transformers] Both `max_new_tokens` (=64) and `max_length`(=32768) seem to have been set. `max_new_tokens` will take precedence. Please refer to the documentation for more information. (https://huggingface.co/docs/transformers/main/en/main_classes/text_generation)
[transformers] Both `max_new_tokens` (=64) and `max_length`(=32768) seem to have been set. `max_new_tokens` will take precedence. Please refer to the documentation for more information. (https://huggingface.co/docs/transformers/main/en/main_classes/text_generation)
[transformers] Both `max_new_tokens` (=64) and `max_length`(=32768) seem to have been set. `max_new_tokens` will take precedence. Please refer to the documentation for more information. (https://huggingface.co/docs/transformers/main/en/main_classes/text_generation)
[transformers] Both `max_new_tokens` (=64) and `max_length`(=32768) seem to have been set. `max_new_tokens` will take precedence. Please refer to the documentation for more information. (https://huggingface.co/docs/transformers/main/en/main_classes/text_generation)
[transformers] Both `max_new_tokens` (=64) and `max_length`(=32768) seem to have been set. `max_new_tokens` will take precedence. Please refer to the documentation for more information. (https://huggingface.co/docs/transformers/main/en/main_classes/text_generation)
[transformers] Both `max_new_tokens` (=64) and `max_length`(=32768) seem to have been set. `max_new_tokens` will take precedence. Please refer to the documentation for more information. (https://huggingface.co/docs/transformers/main/en/main_classes/text_generation)
[transformers] Both `max_new_tokens` (=64) and `max_length`(=32768) seem to have been set. `max_new_tokens` will take precedence. Please refer to the documentation for more information. (https://huggingface.co/docs/transformers/main/en/main_classes/text_generation)
[transformers] Both `max_new_tokens` (=64) and `max_length`(=32768) seem to have been set. `max_new_tokens` will take precedence. Please refer to the documentation for more information. (https://huggingface.co/docs/transformers/main/en/main_classes/text_generation)
[transformers] Both `max_new_tokens` (=64) and `max_length`(=32768) seem to have been set. `max_new_tokens` will take precedence. Please refer to the documentation for more information. (https://huggingface.co/docs/transformers/main/en/main_classes/text_generation)
[transformers] Both `max_new_tokens` (=64) and `max_length`(=32768) seem to have been set. `max_new_tokens` will take precedence. Please refer to the documentation for more information. (https://huggingface.co/docs/transformers/main/en/main_classes/text_generation)
[transformers] Both `max_new_tokens` (=64) and `max_length`(=32768) seem to have been set. `max_new_tokens` will take precedence. Please refer to the documentation for more information. (https://huggingface.co/docs/transformers/main/en/main_classes/text_generation)
[transformers] Both `max_new_tokens` (=64) and `max_length`(=32768) seem to have been set. `max_new_tokens` will take precedence. Please refer to the documentation for more information. (https://huggingface.co/docs/transformers/main/en/main_classes/text_generation)
[transformers] Both `max_new_tokens` (=64) and `max_length`(=32768) seem to have been set. `max_new_tokens` will take precedence. Please refer to the documentation for more information. (https://huggingface.co/docs/transformers/main/en/main_classes/text_generation)
[transformers] Both `max_new_tokens` (=64) and `max_length`(=32768) seem to have been set. `max_new_tokens` will take precedence. Please refer to the documentation for more information. (https://huggingface.co/docs/transformers/main/en/main_classes/text_generation)
[transformers] Both `max_new_tokens` (=64) and `max_length`(=32768) seem to have been set. `max_new_tokens` will take precedence. Please refer to the documentation for more information. (https://huggingface.co/docs/transformers/main/en/main_classes/text_generation)
[transformers] Both `max_new_tokens` (=64) and `max_length`(=32768) seem to have been set. `max_new_tokens` will take precedence. Please refer to the documentation for more information. (https://huggingface.co/docs/transformers/main/en/main_classes/text_generation)
      sinh 1312/1500  (173s)
[transformers] Both `max_new_tokens` (=64) and `max_length`(=32768) seem to have been set. `max_new_tokens` will take precedence. Please refer to the documentation for more information. (https://huggingface.co/docs/transformers/main/en/main_classes/text_generation)
[transformers] Both `max_new_tokens` (=64) and `max_length`(=32768) seem to have been set. `max_new_tokens` will take precedence. Please refer to the documentation for more information. (https://huggingface.co/docs/transformers/main/en/main_classes/text_generation)
[transformers] Both `max_new_tokens` (=64) and `max_length`(=32768) seem to have been set. `max_new_tokens` will take precedence. Please refer to the documentation for more information. (https://huggingface.co/docs/transformers/main/en/main_classes/text_generation)
[transformers] Both `max_new_tokens` (=64) and `max_length`(=32768) seem to have been set. `max_new_tokens` will take precedence. Please refer to the documentation for more information. (https://huggingface.co/docs/transformers/main/en/main_classes/text_generation)
[transformers] Both `max_new_tokens` (=64) and `max_length`(=32768) seem to have been set. `max_new_tokens` will take precedence. Please refer to the documentation for more information. (https://huggingface.co/docs/transformers/main/en/main_classes/text_generation)
[transformers] Both `max_new_tokens` (=64) and `max_length`(=32768) seem to have been set. `max_new_tokens` will take precedence. Please refer to the documentation for more information. (https://huggingface.co/docs/transformers/main/en/main_classes/text_generation)

    [lora_r4_na_s0]  BLEU-4 = 32.32   ROUGE-L = 52.91   (1500 cau)
    vi du: The title of the episode of Hawaii Five- O is The Flight of The Jewels.
    sinh 1500 cau trong 198s (7.59 cau/s, 106 tu/s)

  ket qua -> runs_dart_g3_1b/lora_r4_na_s0.json  (va them dong vao summary.jsonl)
  cham diem chinh thuc:  python measure_scores.py runs_dart_g3_1b/lora_r4_na_s0_refs.txt runs_dart_g3_1b/lora_r4_na_s0_hyps.txt
Warning: You are sending unauthenticated requests to the HF Hub. Please set a HF_TOKEN to enable higher rate limits and faster downloads.

=== rowspace_r4_colperm_s0 ===
model=unsloth/gemma-3-1b-pt  device=cuda  targets=['self_attn.k_proj', 'self_attn.v_proj']
  nap E2E NLG...
  train 62658 vi du | val 6980 | test 1500 MR duy nhat
Loading weights:   0%|          | 0/340 [00:00<?, ?it/s]Loading weights: 100%|██████████| 340/340 [00:00<00:00, 4243.07it/s]
  model dtype: bf16 (nguong kiem phan ra noi thanh 3e-02)
  phan ra tren cuda
  phan ra ['self_attn.k_proj', 'self_attn.v_proj'] (basis=colperm)...
    6/26 block  (0s)
    12/26 block  (0s)
    18/26 block  (0s)
    24/26 block  (0s)
  kiem phan ra: sai so dau ra lon nhat 1.15e-02 (h.9.self_attn.k_proj)

  TRAIN DUOC: 0.106 M (0.011 % cua 999.99 M)   [dung model + phan ra: 2.2s]

  train: 62658 vi du, 23499 buoc, lr=0.0002 (linear), batch=8
    ep 0 step 100/23499  loss 4.5235  lr 4.00e-05  6.56 it/s  ETA 59m
    ep 0 step 200/23499  loss 3.5368  lr 8.00e-05  6.89 it/s  ETA 56m
    ep 0 step 300/23499  loss 3.1822  lr 1.20e-04  7.02 it/s  ETA 55m
    ep 0 step 400/23499  loss 3.0789  lr 1.60e-04  7.09 it/s  ETA 54m
    ep 0 step 500/23499  loss 2.9959  lr 2.00e-04  7.13 it/s  ETA 54m
    ep 0 step 600/23499  loss 2.9387  lr 1.99e-04  7.12 it/s  ETA 54m
    ep 0 step 700/23499  loss 2.8932  lr 1.98e-04  7.14 it/s  ETA 53m
    ep 0 step 800/23499  loss 2.9066  lr 1.97e-04  7.16 it/s  ETA 53m
    ep 0 step 900/23499  loss 2.8460  lr 1.97e-04  7.17 it/s  ETA 53m
    ep 0 step 1000/23499  loss 2.8496  lr 1.96e-04  7.17 it/s  ETA 52m
    ep 0 step 1100/23499  loss 2.8471  lr 1.95e-04  7.18 it/s  ETA 52m
    ep 0 step 1200/23499  loss 2.8488  lr 1.94e-04  7.19 it/s  ETA 52m
    ep 0 step 1300/23499  loss 2.8209  lr 1.93e-04  7.20 it/s  ETA 51m
    ep 0 step 1400/23499  loss 2.7842  lr 1.92e-04  7.19 it/s  ETA 51m
    ep 0 step 1500/23499  loss 2.8036  lr 1.91e-04  7.18 it/s  ETA 51m
    ep 0 step 1600/23499  loss 2.7977  lr 1.90e-04  7.16 it/s  ETA 51m
    ep 0 step 1700/23499  loss 2.7807  lr 1.90e-04  7.15 it/s  ETA 51m
    ep 0 step 1800/23499  loss 2.7643  lr 1.89e-04  7.14 it/s  ETA 51m
    ep 0 step 1900/23499  loss 2.8005  lr 1.88e-04  7.13 it/s  ETA 51m
    ep 0 step 2000/23499  loss 2.7879  lr 1.87e-04  7.11 it/s  ETA 50m
    ep 0 step 2100/23499  loss 2.7829  lr 1.86e-04  7.10 it/s  ETA 50m
    ep 0 step 2200/23499  loss 2.7698  lr 1.85e-04  7.09 it/s  ETA 50m
    ep 0 step 2300/23499  loss 2.7543  lr 1.84e-04  7.09 it/s  ETA 50m
    ep 0 step 2400/23499  loss 2.7978  lr 1.83e-04  7.10 it/s  ETA 50m
    ep 0 step 2500/23499  loss 2.7941  lr 1.83e-04  7.11 it/s  ETA 49m
    ep 0 step 2600/23499  loss 2.7390  lr 1.82e-04  7.11 it/s  ETA 49m
    ep 0 step 2700/23499  loss 2.7546  lr 1.81e-04  7.11 it/s  ETA 49m
    ep 0 step 2800/23499  loss 2.7567  lr 1.80e-04  7.10 it/s  ETA 49m
    ep 0 step 2900/23499  loss 2.7578  lr 1.79e-04  7.10 it/s  ETA 48m
    ep 0 step 3000/23499  loss 2.7468  lr 1.78e-04  7.09 it/s  ETA 48m
    ep 0 step 3100/23499  loss 2.7827  lr 1.77e-04  7.09 it/s  ETA 48m
    ep 0 step 3200/23499  loss 2.7455  lr 1.77e-04  7.08 it/s  ETA 48m
    ep 0 step 3300/23499  loss 2.7747  lr 1.76e-04  7.08 it/s  ETA 48m
    ep 0 step 3400/23499  loss 2.7870  lr 1.75e-04  7.07 it/s  ETA 47m
    ep 0 step 3500/23499  loss 2.7543  lr 1.74e-04  7.07 it/s  ETA 47m
    ep 0 step 3600/23499  loss 2.7459  lr 1.73e-04  7.07 it/s  ETA 47m
    ep 0 step 3700/23499  loss 2.7606  lr 1.72e-04  7.06 it/s  ETA 47m
    ep 0 step 3800/23499  loss 2.7921  lr 1.71e-04  7.06 it/s  ETA 47m
    ep 0 step 3900/23499  loss 2.7793  lr 1.70e-04  7.05 it/s  ETA 46m
    ep 0 step 4000/23499  loss 2.7857  lr 1.70e-04  7.05 it/s  ETA 46m
    ep 0 step 4100/23499  loss 2.7511  lr 1.69e-04  7.05 it/s  ETA 46m
    ep 0 step 4200/23499  loss 2.7611  lr 1.68e-04  7.04 it/s  ETA 46m
    ep 0 step 4300/23499  loss 2.7601  lr 1.67e-04  7.04 it/s  ETA 45m
    ep 0 step 4400/23499  loss 2.7249  lr 1.66e-04  7.04 it/s  ETA 45m
    ep 0 step 4500/23499  loss 2.7452  lr 1.65e-04  7.04 it/s  ETA 45m
    ep 0 step 4600/23499  loss 2.7591  lr 1.64e-04  7.03 it/s  ETA 45m
    ep 0 step 4700/23499  loss 2.7564  lr 1.63e-04  7.03 it/s  ETA 45m
    ep 0 step 4800/23499  loss 2.7308  lr 1.63e-04  7.03 it/s  ETA 44m
    ep 0 step 4900/23499  loss 2.7190  lr 1.62e-04  7.03 it/s  ETA 44m
    ep 0 step 5000/23499  loss 2.7235  lr 1.61e-04  7.03 it/s  ETA 44m
    ep 0 step 5100/23499  loss 2.7272  lr 1.60e-04  7.02 it/s  ETA 44m
    ep 0 step 5200/23499  loss 2.7434  lr 1.59e-04  7.02 it/s  ETA 43m
    ep 0 step 5300/23499  loss 2.7149  lr 1.58e-04  7.02 it/s  ETA 43m
    ep 0 step 5400/23499  loss 2.6888  lr 1.57e-04  7.02 it/s  ETA 43m
    ep 0 step 5500/23499  loss 2.7206  lr 1.57e-04  7.02 it/s  ETA 43m
    ep 0 step 5600/23499  loss 2.7245  lr 1.56e-04  7.01 it/s  ETA 43m
    ep 0 step 5700/23499  loss 2.7415  lr 1.55e-04  7.01 it/s  ETA 42m
    ep 0 step 5800/23499  loss 2.7591  lr 1.54e-04  7.01 it/s  ETA 42m
    ep 0 step 5900/23499  loss 2.7203  lr 1.53e-04  7.01 it/s  ETA 42m
    ep 0 step 6000/23499  loss 2.7096  lr 1.52e-04  7.01 it/s  ETA 42m
    ep 0 step 6100/23499  loss 2.6928  lr 1.51e-04  7.01 it/s  ETA 41m
    ep 0 step 6200/23499  loss 2.7468  lr 1.50e-04  7.01 it/s  ETA 41m
    ep 0 step 6300/23499  loss 2.7531  lr 1.50e-04  7.00 it/s  ETA 41m
    ep 0 step 6400/23499  loss 2.7130  lr 1.49e-04  7.00 it/s  ETA 41m
    ep 0 step 6500/23499  loss 2.7257  lr 1.48e-04  7.00 it/s  ETA 40m
    ep 0 step 6600/23499  loss 2.7103  lr 1.47e-04  7.00 it/s  ETA 40m
    ep 0 step 6700/23499  loss 2.7081  lr 1.46e-04  7.01 it/s  ETA 40m
    ep 0 step 6800/23499  loss 2.7149  lr 1.45e-04  7.01 it/s  ETA 40m
    ep 0 step 6900/23499  loss 2.7459  lr 1.44e-04  7.01 it/s  ETA 39m
    ep 0 step 7000/23499  loss 2.7172  lr 1.43e-04  7.02 it/s  ETA 39m
    ep 0 step 7100/23499  loss 2.7309  lr 1.43e-04  7.02 it/s  ETA 39m
    ep 0 step 7200/23499  loss 2.7051  lr 1.42e-04  7.02 it/s  ETA 39m
    ep 0 step 7300/23499  loss 2.7129  lr 1.41e-04  7.02 it/s  ETA 38m
    ep 0 step 7400/23499  loss 2.7428  lr 1.40e-04  7.02 it/s  ETA 38m
    ep 0 step 7500/23499  loss 2.7034  lr 1.39e-04  7.02 it/s  ETA 38m
    ep 0 step 7600/23499  loss 2.7034  lr 1.38e-04  7.02 it/s  ETA 38m
    ep 0 step 7700/23499  loss 2.7155  lr 1.37e-04  7.02 it/s  ETA 38m
    ep 0 step 7800/23499  loss 2.7245  lr 1.37e-04  7.02 it/s  ETA 37m
[W1009 03:26:42.087035079 CUDACachingAllocator.cpp:3933] memory allocation failed with OOM on device 0 while trying to allocate 1107296256 bytes (free: 457768960, total: 42405855232).
[W1009 03:26:46.624172074 CUDACachingAllocator.cpp:3933] memory allocation failed with OOM on device 0 while trying to allocate 1358954496 bytes (free: 466157568, total: 42405855232).
[W1009 03:26:48.236889893 CUDACachingAllocator.cpp:3933] memory allocation failed with OOM on device 0 while trying to allocate 1560281088 bytes (free: 315162624, total: 42405855232).
[W1009 03:26:50.869560306 CUDACachingAllocator.cpp:3933] memory allocation failed with OOM on device 0 while trying to allocate 1728053248 bytes (free: 1657339904, total: 42405855232).
[W1009 03:26:51.842905247 CUDACachingAllocator.cpp:3933] memory allocation failed with OOM on device 0 while trying to allocate 2013265920 bytes (free: 1082720256, total: 42405855232).
[W1009 03:26:52.876609986 CUDACachingAllocator.cpp:3933] memory allocation failed with OOM on device 0 while trying to allocate 2466250752 bytes (free: 1854472192, total: 42405855232).
[W1009 03:26:53.858380685 CUDACachingAllocator.cpp:3933] memory allocation failed with OOM on device 0 while trying to allocate 3019898880 bytes (free: 2072576000, total: 42405855232).
    [ep 0] val loss 1.1801  ppl 3.255  train 1.0817  gap +0.0984  (19s)  <- tot nhat
    ep 1 step 7900/23499  loss 2.7483  lr 1.36e-04  6.90 it/s  ETA 38m
    ep 1 step 8000/23499  loss 2.7060  lr 1.35e-04  6.90 it/s  ETA 37m
    ep 1 step 8100/23499  loss 2.7186  lr 1.34e-04  6.90 it/s  ETA 37m
    ep 1 step 8200/23499  loss 2.7214  lr 1.33e-04  6.90 it/s  ETA 37m
    ep 1 step 8300/23499  loss 2.7320  lr 1.32e-04  6.90 it/s  ETA 37m
    ep 1 step 8400/23499  loss 2.7115  lr 1.31e-04  6.90 it/s  ETA 36m
    ep 1 step 8500/23499  loss 2.6878  lr 1.30e-04  6.90 it/s  ETA 36m
    ep 1 step 8600/23499  loss 2.6877  lr 1.30e-04  6.91 it/s  ETA 36m
    ep 1 step 8700/23499  loss 2.7390  lr 1.29e-04  6.91 it/s  ETA 36m
    ep 1 step 8800/23499  loss 2.6830  lr 1.28e-04  6.91 it/s  ETA 35m
    ep 1 step 8900/23499  loss 2.6908  lr 1.27e-04  6.91 it/s  ETA 35m
    ep 1 step 9000/23499  loss 2.7071  lr 1.26e-04  6.91 it/s  ETA 35m
    ep 1 step 9100/23499  loss 2.7309  lr 1.25e-04  6.91 it/s  ETA 35m
    ep 1 step 9200/23499  loss 2.7176  lr 1.24e-04  6.91 it/s  ETA 34m
    ep 1 step 9300/23499  loss 2.7002  lr 1.23e-04  6.91 it/s  ETA 34m
    ep 1 step 9400/23499  loss 2.6752  lr 1.23e-04  6.91 it/s  ETA 34m
    ep 1 step 9500/23499  loss 2.6911  lr 1.22e-04  6.91 it/s  ETA 34m
    ep 1 step 9600/23499  loss 2.6758  lr 1.21e-04  6.92 it/s  ETA 33m
    ep 1 step 9700/23499  loss 2.6755  lr 1.20e-04  6.92 it/s  ETA 33m
    ep 1 step 9800/23499  loss 2.6970  lr 1.19e-04  6.92 it/s  ETA 33m
    ep 1 step 9900/23499  loss 2.7202  lr 1.18e-04  6.92 it/s  ETA 33m
    ep 1 step 10000/23499  loss 2.6851  lr 1.17e-04  6.92 it/s  ETA 33m
    ep 1 step 10100/23499  loss 2.7240  lr 1.17e-04  6.92 it/s  ETA 32m
    ep 1 step 10200/23499  loss 2.7277  lr 1.16e-04  6.92 it/s  ETA 32m
    ep 1 step 10300/23499  loss 2.7148  lr 1.15e-04  6.92 it/s  ETA 32m
    ep 1 step 10400/23499  loss 2.6831  lr 1.14e-04  6.92 it/s  ETA 32m
    ep 1 step 10500/23499  loss 2.7033  lr 1.13e-04  6.92 it/s  ETA 31m
    ep 1 step 10600/23499  loss 2.7326  lr 1.12e-04  6.93 it/s  ETA 31m
    ep 1 step 10700/23499  loss 2.7133  lr 1.11e-04  6.93 it/s  ETA 31m
    ep 1 step 10800/23499  loss 2.7099  lr 1.10e-04  6.93 it/s  ETA 31m
    ep 1 step 10900/23499  loss 2.7102  lr 1.10e-04  6.94 it/s  ETA 30m
    ep 1 step 11000/23499  loss 2.6960  lr 1.09e-04  6.94 it/s  ETA 30m
    ep 1 step 11100/23499  loss 2.7568  lr 1.08e-04  6.94 it/s  ETA 30m
    ep 1 step 11200/23499  loss 2.7087  lr 1.07e-04  6.95 it/s  ETA 30m
    ep 1 step 11300/23499  loss 2.6885  lr 1.06e-04  6.95 it/s  ETA 29m
    ep 1 step 11400/23499  loss 2.6969  lr 1.05e-04  6.95 it/s  ETA 29m
    ep 1 step 11500/23499  loss 2.7342  lr 1.04e-04  6.95 it/s  ETA 29m
    ep 1 step 11600/23499  loss 2.7127  lr 1.03e-04  6.95 it/s  ETA 29m
    ep 1 step 11700/23499  loss 2.7199  lr 1.03e-04  6.95 it/s  ETA 28m
    ep 1 step 11800/23499  loss 2.7041  lr 1.02e-04  6.95 it/s  ETA 28m
    ep 1 step 11900/23499  loss 2.7248  lr 1.01e-04  6.95 it/s  ETA 28m
    ep 1 step 12000/23499  loss 2.6874  lr 1.00e-04  6.95 it/s  ETA 28m
    ep 1 step 12100/23499  loss 2.6956  lr 9.91e-05  6.96 it/s  ETA 27m
    ep 1 step 12200/23499  loss 2.7414  lr 9.83e-05  6.96 it/s  ETA 27m
    ep 1 step 12300/23499  loss 2.7009  lr 9.74e-05  6.96 it/s  ETA 27m
    ep 1 step 12400/23499  loss 2.7210  lr 9.65e-05  6.96 it/s  ETA 27m
    ep 1 step 12500/23499  loss 2.7186  lr 9.56e-05  6.96 it/s  ETA 26m
    ep 1 step 12600/23499  loss 2.6800  lr 9.48e-05  6.96 it/s  ETA 26m
    ep 1 step 12700/23499  loss 2.7171  lr 9.39e-05  6.96 it/s  ETA 26m
    ep 1 step 12800/23499  loss 2.7167  lr 9.30e-05  6.96 it/s  ETA 26m
    ep 1 step 12900/23499  loss 2.6755  lr 9.22e-05  6.96 it/s  ETA 25m
    ep 1 step 13000/23499  loss 2.6999  lr 9.13e-05  6.96 it/s  ETA 25m
    ep 1 step 13100/23499  loss 2.7062  lr 9.04e-05  6.97 it/s  ETA 25m
    ep 1 step 13200/23499  loss 2.6898  lr 8.96e-05  6.97 it/s  ETA 25m
    ep 1 step 13300/23499  loss 2.6977  lr 8.87e-05  6.97 it/s  ETA 24m
    ep 1 step 13400/23499  loss 2.7062  lr 8.78e-05  6.97 it/s  ETA 24m
    ep 1 step 13500/23499  loss 2.7086  lr 8.70e-05  6.97 it/s  ETA 24m
    ep 1 step 13600/23499  loss 2.7241  lr 8.61e-05  6.97 it/s  ETA 24m
    ep 1 step 13700/23499  loss 2.7213  lr 8.52e-05  6.97 it/s  ETA 23m
    ep 1 step 13800/23499  loss 2.7150  lr 8.43e-05  6.97 it/s  ETA 23m
    ep 1 step 13900/23499  loss 2.6864  lr 8.35e-05  6.97 it/s  ETA 23m
    ep 1 step 14000/23499  loss 2.6810  lr 8.26e-05  6.97 it/s  ETA 23m
    ep 1 step 14100/23499  loss 2.7044  lr 8.17e-05  6.97 it/s  ETA 22m
    ep 1 step 14200/23499  loss 2.6826  lr 8.09e-05  6.97 it/s  ETA 22m
    ep 1 step 14300/23499  loss 2.7191  lr 8.00e-05  6.97 it/s  ETA 22m
    ep 1 step 14400/23499  loss 2.6904  lr 7.91e-05  6.97 it/s  ETA 22m
    ep 1 step 14500/23499  loss 2.7051  lr 7.83e-05  6.97 it/s  ETA 22m
    ep 1 step 14600/23499  loss 2.7298  lr 7.74e-05  6.97 it/s  ETA 21m
    ep 1 step 14700/23499  loss 2.6805  lr 7.65e-05  6.97 it/s  ETA 21m
    ep 1 step 14800/23499  loss 2.6997  lr 7.56e-05  6.97 it/s  ETA 21m
    ep 1 step 14900/23499  loss 2.7182  lr 7.48e-05  6.97 it/s  ETA 21m
    ep 1 step 15000/23499  loss 2.7159  lr 7.39e-05  6.97 it/s  ETA 20m
    ep 1 step 15100/23499  loss 2.7153  lr 7.30e-05  6.97 it/s  ETA 20m
    ep 1 step 15200/23499  loss 2.7066  lr 7.22e-05  6.97 it/s  ETA 20m
    ep 1 step 15300/23499  loss 2.7025  lr 7.13e-05  6.97 it/s  ETA 20m
    ep 1 step 15400/23499  loss 2.6870  lr 7.04e-05  6.97 it/s  ETA 19m
    ep 1 step 15500/23499  loss 2.6452  lr 6.96e-05  6.97 it/s  ETA 19m
    ep 1 step 15600/23499  loss 2.6969  lr 6.87e-05  6.98 it/s  ETA 19m
    [ep 1] val loss 1.1611  ppl 3.193  train 1.0581  gap +0.1029  (17s)  <- tot nhat
    ep 2 step 15700/23499  loss 2.6979  lr 6.78e-05  6.93 it/s  ETA 19m
    ep 2 step 15800/23499  loss 2.6998  lr 6.70e-05  6.93 it/s  ETA 19m
    ep 2 step 15900/23499  loss 2.6938  lr 6.61e-05  6.93 it/s  ETA 18m
    ep 2 step 16000/23499  loss 2.7339  lr 6.52e-05  6.93 it/s  ETA 18m
    ep 2 step 16100/23499  loss 2.6759  lr 6.43e-05  6.93 it/s  ETA 18m
    ep 2 step 16200/23499  loss 2.6681  lr 6.35e-05  6.93 it/s  ETA 18m
    ep 2 step 16300/23499  loss 2.6729  lr 6.26e-05  6.93 it/s  ETA 17m
    ep 2 step 16400/23499  loss 2.6600  lr 6.17e-05  6.93 it/s  ETA 17m
    ep 2 step 16500/23499  loss 2.7001  lr 6.09e-05  6.93 it/s  ETA 17m
    ep 2 step 16600/23499  loss 2.7420  lr 6.00e-05  6.93 it/s  ETA 17m
    ep 2 step 16700/23499  loss 2.7155  lr 5.91e-05  6.93 it/s  ETA 16m
    ep 2 step 16800/23499  loss 2.6706  lr 5.83e-05  6.93 it/s  ETA 16m
    ep 2 step 16900/23499  loss 2.6894  lr 5.74e-05  6.93 it/s  ETA 16m
    ep 2 step 17000/23499  loss 2.6554  lr 5.65e-05  6.93 it/s  ETA 16m
    ep 2 step 17100/23499  loss 2.7151  lr 5.56e-05  6.93 it/s  ETA 15m
    ep 2 step 17200/23499  loss 2.6926  lr 5.48e-05  6.93 it/s  ETA 15m
    ep 2 step 17300/23499  loss 2.6713  lr 5.39e-05  6.93 it/s  ETA 15m
    ep 2 step 17400/23499  loss 2.6779  lr 5.30e-05  6.94 it/s  ETA 15m
    ep 2 step 17500/23499  loss 2.6752  lr 5.22e-05  6.94 it/s  ETA 14m
    ep 2 step 17600/23499  loss 2.6794  lr 5.13e-05  6.94 it/s  ETA 14m
    ep 2 step 17700/23499  loss 2.7023  lr 5.04e-05  6.94 it/s  ETA 14m
    ep 2 step 17800/23499  loss 2.6910  lr 4.96e-05  6.94 it/s  ETA 14m
    ep 2 step 17900/23499  loss 2.7004  lr 4.87e-05  6.95 it/s  ETA 13m
    ep 2 step 18000/23499  loss 2.6994  lr 4.78e-05  6.95 it/s  ETA 13m
    ep 2 step 18100/23499  loss 2.6782  lr 4.69e-05  6.95 it/s  ETA 13m
    ep 2 step 18200/23499  loss 2.6717  lr 4.61e-05  6.95 it/s  ETA 13m
    ep 2 step 18300/23499  loss 2.6988  lr 4.52e-05  6.95 it/s  ETA 12m
    ep 2 step 18400/23499  loss 2.7089  lr 4.43e-05  6.95 it/s  ETA 12m
    ep 2 step 18500/23499  loss 2.6931  lr 4.35e-05  6.95 it/s  ETA 12m
    ep 2 step 18600/23499  loss 2.6834  lr 4.26e-05  6.95 it/s  ETA 12m
    ep 2 step 18700/23499  loss 2.6952  lr 4.17e-05  6.95 it/s  ETA 12m
    ep 2 step 18800/23499  loss 2.7053  lr 4.09e-05  6.95 it/s  ETA 11m
    ep 2 step 18900/23499  loss 2.6698  lr 4.00e-05  6.95 it/s  ETA 11m
    ep 2 step 19000/23499  loss 2.6511  lr 3.91e-05  6.95 it/s  ETA 11m
    ep 2 step 19100/23499  loss 2.7233  lr 3.83e-05  6.95 it/s  ETA 11m
    ep 2 step 19200/23499  loss 2.7020  lr 3.74e-05  6.95 it/s  ETA 10m
    ep 2 step 19300/23499  loss 2.6640  lr 3.65e-05  6.95 it/s  ETA 10m
    ep 2 step 19400/23499  loss 2.7061  lr 3.56e-05  6.95 it/s  ETA 10m
    ep 2 step 19500/23499  loss 2.6762  lr 3.48e-05  6.95 it/s  ETA 10m
    ep 2 step 19600/23499  loss 2.6676  lr 3.39e-05  6.95 it/s  ETA 9m
    ep 2 step 19700/23499  loss 2.7068  lr 3.30e-05  6.95 it/s  ETA 9m
    ep 2 step 19800/23499  loss 2.6885  lr 3.22e-05  6.95 it/s  ETA 9m
    ep 2 step 19900/23499  loss 2.7300  lr 3.13e-05  6.95 it/s  ETA 9m
    ep 2 step 20000/23499  loss 2.7030  lr 3.04e-05  6.95 it/s  ETA 8m
    ep 2 step 20100/23499  loss 2.6950  lr 2.96e-05  6.95 it/s  ETA 8m
    ep 2 step 20200/23499  loss 2.6859  lr 2.87e-05  6.95 it/s  ETA 8m
    ep 2 step 20300/23499  loss 2.6900  lr 2.78e-05  6.95 it/s  ETA 8m
    ep 2 step 20400/23499  loss 2.6648  lr 2.69e-05  6.95 it/s  ETA 7m
    ep 2 step 20500/23499  loss 2.6943  lr 2.61e-05  6.95 it/s  ETA 7m
    ep 2 step 20600/23499  loss 2.6961  lr 2.52e-05  6.95 it/s  ETA 7m
    ep 2 step 20700/23499  loss 2.6784  lr 2.43e-05  6.95 it/s  ETA 7m
    ep 2 step 20800/23499  loss 2.6548  lr 2.35e-05  6.96 it/s  ETA 6m
    ep 2 step 20900/23499  loss 2.7111  lr 2.26e-05  6.96 it/s  ETA 6m
    ep 2 step 21000/23499  loss 2.6928  lr 2.17e-05  6.96 it/s  ETA 6m
    ep 2 step 21100/23499  loss 2.6688  lr 2.09e-05  6.96 it/s  ETA 6m
    ep 2 step 21200/23499  loss 2.6917  lr 2.00e-05  6.96 it/s  ETA 6m
    ep 2 step 21300/23499  loss 2.6951  lr 1.91e-05  6.96 it/s  ETA 5m
    ep 2 step 21400/23499  loss 2.6918  lr 1.83e-05  6.97 it/s  ETA 5m
    ep 2 step 21500/23499  loss 2.6603  lr 1.74e-05  6.97 it/s  ETA 5m
    ep 2 step 21600/23499  loss 2.7166  lr 1.65e-05  6.97 it/s  ETA 5m
    ep 2 step 21700/23499  loss 2.6869  lr 1.56e-05  6.97 it/s  ETA 4m
    ep 2 step 21800/23499  loss 2.6943  lr 1.48e-05  6.97 it/s  ETA 4m
    ep 2 step 21900/23499  loss 2.6930  lr 1.39e-05  6.97 it/s  ETA 4m
    ep 2 step 22000/23499  loss 2.7114  lr 1.30e-05  6.97 it/s  ETA 4m
    ep 2 step 22100/23499  loss 2.6746  lr 1.22e-05  6.97 it/s  ETA 3m
    ep 2 step 22200/23499  loss 2.7007  lr 1.13e-05  6.97 it/s  ETA 3m
    ep 2 step 22300/23499  loss 2.6698  lr 1.04e-05  6.97 it/s  ETA 3m
    ep 2 step 22400/23499  loss 2.7184  lr 9.56e-06  6.97 it/s  ETA 3m
    ep 2 step 22500/23499  loss 2.7255  lr 8.69e-06  6.97 it/s  ETA 2m
    ep 2 step 22600/23499  loss 2.6788  lr 7.82e-06  6.97 it/s  ETA 2m
    ep 2 step 22700/23499  loss 2.7212  lr 6.95e-06  6.97 it/s  ETA 2m
    ep 2 step 22800/23499  loss 2.6654  lr 6.08e-06  6.98 it/s  ETA 2m
    ep 2 step 22900/23499  loss 2.7099  lr 5.21e-06  6.98 it/s  ETA 1m
    ep 2 step 23000/23499  loss 2.6512  lr 4.34e-06  6.98 it/s  ETA 1m
    ep 2 step 23100/23499  loss 2.7001  lr 3.47e-06  6.98 it/s  ETA 1m
    ep 2 step 23200/23499  loss 2.6900  lr 2.60e-06  6.98 it/s  ETA 1m
    ep 2 step 23300/23499  loss 2.6801  lr 1.73e-06  6.98 it/s  ETA 0m
    ep 2 step 23400/23499  loss 2.6685  lr 8.61e-07  6.98 it/s  ETA 0m
    [ep 2] val loss 1.1610  ppl 3.193  train 1.0547  gap +0.1062  (17s)  <- tot nhat
[transformers] Both `max_new_tokens` (=64) and `max_length`(=32768) seem to have been set. `max_new_tokens` will take precedence. Please refer to the documentation for more information. (https://huggingface.co/docs/transformers/main/en/main_classes/text_generation)
    luu runs_dart_g3_1b/rowspace_r4_colperm_s0_last.pt  (0.2 MB)
    luu runs_dart_g3_1b/rowspace_r4_colperm_s0_best.pt  (epoch 2, val 1.1610)
      sinh 32/1500  (4s)
[transformers] Both `max_new_tokens` (=64) and `max_length`(=32768) seem to have been set. `max_new_tokens` will take precedence. Please refer to the documentation for more information. (https://huggingface.co/docs/transformers/main/en/main_classes/text_generation)
[transformers] Both `max_new_tokens` (=64) and `max_length`(=32768) seem to have been set. `max_new_tokens` will take precedence. Please refer to the documentation for more information. (https://huggingface.co/docs/transformers/main/en/main_classes/text_generation)
[transformers] Both `max_new_tokens` (=64) and `max_length`(=32768) seem to have been set. `max_new_tokens` will take precedence. Please refer to the documentation for more information. (https://huggingface.co/docs/transformers/main/en/main_classes/text_generation)
[transformers] Both `max_new_tokens` (=64) and `max_length`(=32768) seem to have been set. `max_new_tokens` will take precedence. Please refer to the documentation for more information. (https://huggingface.co/docs/transformers/main/en/main_classes/text_generation)
[transformers] Both `max_new_tokens` (=64) and `max_length`(=32768) seem to have been set. `max_new_tokens` will take precedence. Please refer to the documentation for more information. (https://huggingface.co/docs/transformers/main/en/main_classes/text_generation)
[transformers] Both `max_new_tokens` (=64) and `max_length`(=32768) seem to have been set. `max_new_tokens` will take precedence. Please refer to the documentation for more information. (https://huggingface.co/docs/transformers/main/en/main_classes/text_generation)
[transformers] Both `max_new_tokens` (=64) and `max_length`(=32768) seem to have been set. `max_new_tokens` will take precedence. Please refer to the documentation for more information. (https://huggingface.co/docs/transformers/main/en/main_classes/text_generation)
[transformers] Both `max_new_tokens` (=64) and `max_length`(=32768) seem to have been set. `max_new_tokens` will take precedence. Please refer to the documentation for more information. (https://huggingface.co/docs/transformers/main/en/main_classes/text_generation)
[transformers] Both `max_new_tokens` (=64) and `max_length`(=32768) seem to have been set. `max_new_tokens` will take precedence. Please refer to the documentation for more information. (https://huggingface.co/docs/transformers/main/en/main_classes/text_generation)
[transformers] Both `max_new_tokens` (=64) and `max_length`(=32768) seem to have been set. `max_new_tokens` will take precedence. Please refer to the documentation for more information. (https://huggingface.co/docs/transformers/main/en/main_classes/text_generation)
[transformers] Both `max_new_tokens` (=64) and `max_length`(=32768) seem to have been set. `max_new_tokens` will take precedence. Please refer to the documentation for more information. (https://huggingface.co/docs/transformers/main/en/main_classes/text_generation)
[transformers] Both `max_new_tokens` (=64) and `max_length`(=32768) seem to have been set. `max_new_tokens` will take precedence. Please refer to the documentation for more information. (https://huggingface.co/docs/transformers/main/en/main_classes/text_generation)
[transformers] Both `max_new_tokens` (=64) and `max_length`(=32768) seem to have been set. `max_new_tokens` will take precedence. Please refer to the documentation for more information. (https://huggingface.co/docs/transformers/main/en/main_classes/text_generation)
[transformers] Both `max_new_tokens` (=64) and `max_length`(=32768) seem to have been set. `max_new_tokens` will take precedence. Please refer to the documentation for more information. (https://huggingface.co/docs/transformers/main/en/main_classes/text_generation)
[transformers] Both `max_new_tokens` (=64) and `max_length`(=32768) seem to have been set. `max_new_tokens` will take precedence. Please refer to the documentation for more information. (https://huggingface.co/docs/transformers/main/en/main_classes/text_generation)
[transformers] Both `max_new_tokens` (=64) and `max_length`(=32768) seem to have been set. `max_new_tokens` will take precedence. Please refer to the documentation for more information. (https://huggingface.co/docs/transformers/main/en/main_classes/text_generation)
[transformers] Both `max_new_tokens` (=64) and `max_length`(=32768) seem to have been set. `max_new_tokens` will take precedence. Please refer to the documentation for more information. (https://huggingface.co/docs/transformers/main/en/main_classes/text_generation)
[transformers] Both `max_new_tokens` (=64) and `max_length`(=32768) seem to have been set. `max_new_tokens` will take precedence. Please refer to the documentation for more information. (https://huggingface.co/docs/transformers/main/en/main_classes/text_generation)
[transformers] Both `max_new_tokens` (=64) and `max_length`(=32768) seem to have been set. `max_new_tokens` will take precedence. Please refer to the documentation for more information. (https://huggingface.co/docs/transformers/main/en/main_classes/text_generation)
[transformers] Both `max_new_tokens` (=64) and `max_length`(=32768) seem to have been set. `max_new_tokens` will take precedence. Please refer to the documentation for more information. (https://huggingface.co/docs/transformers/main/en/main_classes/text_generation)
      sinh 672/1500  (80s)
[transformers] Both `max_new_tokens` (=64) and `max_length`(=32768) seem to have been set. `max_new_tokens` will take precedence. Please refer to the documentation for more information. (https://huggingface.co/docs/transformers/main/en/main_classes/text_generation)
[transformers] Both `max_new_tokens` (=64) and `max_length`(=32768) seem to have been set. `max_new_tokens` will take precedence. Please refer to the documentation for more information. (https://huggingface.co/docs/transformers/main/en/main_classes/text_generation)
[transformers] Both `max_new_tokens` (=64) and `max_length`(=32768) seem to have been set. `max_new_tokens` will take precedence. Please refer to the documentation for more information. (https://huggingface.co/docs/transformers/main/en/main_classes/text_generation)
[transformers] Both `max_new_tokens` (=64) and `max_length`(=32768) seem to have been set. `max_new_tokens` will take precedence. Please refer to the documentation for more information. (https://huggingface.co/docs/transformers/main/en/main_classes/text_generation)
[transformers] Both `max_new_tokens` (=64) and `max_length`(=32768) seem to have been set. `max_new_tokens` will take precedence. Please refer to the documentation for more information. (https://huggingface.co/docs/transformers/main/en/main_classes/text_generation)
[transformers] Both `max_new_tokens` (=64) and `max_length`(=32768) seem to have been set. `max_new_tokens` will take precedence. Please refer to the documentation for more information. (https://huggingface.co/docs/transformers/main/en/main_classes/text_generation)
[transformers] Both `max_new_tokens` (=64) and `max_length`(=32768) seem to have been set. `max_new_tokens` will take precedence. Please refer to the documentation for more information. (https://huggingface.co/docs/transformers/main/en/main_classes/text_generation)
[transformers] Both `max_new_tokens` (=64) and `max_length`(=32768) seem to have been set. `max_new_tokens` will take precedence. Please refer to the documentation for more information. (https://huggingface.co/docs/transformers/main/en/main_classes/text_generation)
[transformers] Both `max_new_tokens` (=64) and `max_length`(=32768) seem to have been set. `max_new_tokens` will take precedence. Please refer to the documentation for more information. (https://huggingface.co/docs/transformers/main/en/main_classes/text_generation)
[transformers] Both `max_new_tokens` (=64) and `max_length`(=32768) seem to have been set. `max_new_tokens` will take precedence. Please refer to the documentation for more information. (https://huggingface.co/docs/transformers/main/en/main_classes/text_generation)
[transformers] Both `max_new_tokens` (=64) and `max_length`(=32768) seem to have been set. `max_new_tokens` will take precedence. Please refer to the documentation for more information. (https://huggingface.co/docs/transformers/main/en/main_classes/text_generation)
[transformers] Both `max_new_tokens` (=64) and `max_length`(=32768) seem to have been set. `max_new_tokens` will take precedence. Please refer to the documentation for more information. (https://huggingface.co/docs/transformers/main/en/main_classes/text_generation)
[transformers] Both `max_new_tokens` (=64) and `max_length`(=32768) seem to have been set. `max_new_tokens` will take precedence. Please refer to the documentation for more information. (https://huggingface.co/docs/transformers/main/en/main_classes/text_generation)
[transformers] Both `max_new_tokens` (=64) and `max_length`(=32768) seem to have been set. `max_new_tokens` will take precedence. Please refer to the documentation for more information. (https://huggingface.co/docs/transformers/main/en/main_classes/text_generation)
[transformers] Both `max_new_tokens` (=64) and `max_length`(=32768) seem to have been set. `max_new_tokens` will take precedence. Please refer to the documentation for more information. (https://huggingface.co/docs/transformers/main/en/main_classes/text_generation)
[transformers] Both `max_new_tokens` (=64) and `max_length`(=32768) seem to have been set. `max_new_tokens` will take precedence. Please refer to the documentation for more information. (https://huggingface.co/docs/transformers/main/en/main_classes/text_generation)
[transformers] Both `max_new_tokens` (=64) and `max_length`(=32768) seem to have been set. `max_new_tokens` will take precedence. Please refer to the documentation for more information. (https://huggingface.co/docs/transformers/main/en/main_classes/text_generation)
[transformers] Both `max_new_tokens` (=64) and `max_length`(=32768) seem to have been set. `max_new_tokens` will take precedence. Please refer to the documentation for more information. (https://huggingface.co/docs/transformers/main/en/main_classes/text_generation)
[transformers] Both `max_new_tokens` (=64) and `max_length`(=32768) seem to have been set. `max_new_tokens` will take precedence. Please refer to the documentation for more information. (https://huggingface.co/docs/transformers/main/en/main_classes/text_generation)
[transformers] Both `max_new_tokens` (=64) and `max_length`(=32768) seem to have been set. `max_new_tokens` will take precedence. Please refer to the documentation for more information. (https://huggingface.co/docs/transformers/main/en/main_classes/text_generation)
      sinh 1312/1500  (175s)
[transformers] Both `max_new_tokens` (=64) and `max_length`(=32768) seem to have been set. `max_new_tokens` will take precedence. Please refer to the documentation for more information. (https://huggingface.co/docs/transformers/main/en/main_classes/text_generation)
[transformers] Both `max_new_tokens` (=64) and `max_length`(=32768) seem to have been set. `max_new_tokens` will take precedence. Please refer to the documentation for more information. (https://huggingface.co/docs/transformers/main/en/main_classes/text_generation)
[transformers] Both `max_new_tokens` (=64) and `max_length`(=32768) seem to have been set. `max_new_tokens` will take precedence. Please refer to the documentation for more information. (https://huggingface.co/docs/transformers/main/en/main_classes/text_generation)
[transformers] Both `max_new_tokens` (=64) and `max_length`(=32768) seem to have been set. `max_new_tokens` will take precedence. Please refer to the documentation for more information. (https://huggingface.co/docs/transformers/main/en/main_classes/text_generation)
[transformers] Both `max_new_tokens` (=64) and `max_length`(=32768) seem to have been set. `max_new_tokens` will take precedence. Please refer to the documentation for more information. (https://huggingface.co/docs/transformers/main/en/main_classes/text_generation)
[transformers] Both `max_new_tokens` (=64) and `max_length`(=32768) seem to have been set. `max_new_tokens` will take precedence. Please refer to the documentation for more information. (https://huggingface.co/docs/transformers/main/en/main_classes/text_generation)

    [rowspace_r4_colperm_s0]  BLEU-4 = 33.36   ROUGE-L = 54.23   (1500 cau)
    vi du: Jeff Daniels played the role of The Flight of Jewels in the episode The Flight of jewels.
    sinh 1500 cau trong 201s (7.46 cau/s, 102 tu/s)

  ket qua -> runs_dart_g3_1b/rowspace_r4_colperm_s0.json  (va them dong vao summary.jsonl)
  cham diem chinh thuc:  python measure_scores.py runs_dart_g3_1b/rowspace_r4_colperm_s0_refs.txt runs_dart_g3_1b/rowspace_r4_colperm_s0_hyps.txt
Warning: You are sending unauthenticated requests to the HF Hub. Please set a HF_TOKEN to enable higher rate limits and faster downloads.

=== rowspace_r11_colperm_s0 ===
model=unsloth/gemma-3-1b-pt  device=cuda  targets=['self_attn.k_proj', 'self_attn.v_proj']
  nap E2E NLG...
  train 62658 vi du | val 6980 | test 1500 MR duy nhat
Loading weights:   0%|          | 0/340 [00:00<?, ?it/s]Loading weights: 100%|██████████| 340/340 [00:00<00:00, 4233.11it/s]
  model dtype: bf16 (nguong kiem phan ra noi thanh 3e-02)
  phan ra tren cuda
  phan ra ['self_attn.k_proj', 'self_attn.v_proj'] (basis=colperm)...
    6/26 block  (0s)
    12/26 block  (0s)
    18/26 block  (0s)
    24/26 block  (0s)
  kiem phan ra: sai so dau ra lon nhat 1.15e-02 (h.9.self_attn.k_proj)

  TRAIN DUOC: 0.293 M (0.029 % cua 1000.18 M)   [dung model + phan ra: 2.3s]

  train: 62658 vi du, 23499 buoc, lr=0.0002 (linear), batch=8
    ep 0 step 100/23499  loss 4.3144  lr 4.00e-05  6.45 it/s  ETA 60m
    ep 0 step 200/23499  loss 3.3859  lr 8.00e-05  6.72 it/s  ETA 58m
    ep 0 step 300/23499  loss 3.0853  lr 1.20e-04  6.78 it/s  ETA 57m
    ep 0 step 400/23499  loss 3.0031  lr 1.60e-04  6.81 it/s  ETA 57m
    ep 0 step 500/23499  loss 2.9352  lr 2.00e-04  6.83 it/s  ETA 56m
    ep 0 step 600/23499  loss 2.8712  lr 1.99e-04  6.83 it/s  ETA 56m
    ep 0 step 700/23499  loss 2.8251  lr 1.98e-04  6.84 it/s  ETA 56m
    ep 0 step 800/23499  loss 2.8452  lr 1.97e-04  6.84 it/s  ETA 55m
    ep 0 step 900/23499  loss 2.7864  lr 1.97e-04  6.85 it/s  ETA 55m
    ep 0 step 1000/23499  loss 2.7926  lr 1.96e-04  6.84 it/s  ETA 55m
    ep 0 step 1100/23499  loss 2.7867  lr 1.95e-04  6.85 it/s  ETA 55m
    ep 0 step 1200/23499  loss 2.7931  lr 1.94e-04  6.85 it/s  ETA 54m
    ep 0 step 1300/23499  loss 2.7600  lr 1.93e-04  6.86 it/s  ETA 54m
    ep 0 step 1400/23499  loss 2.7333  lr 1.92e-04  6.88 it/s  ETA 54m
    ep 0 step 1500/23499  loss 2.7550  lr 1.91e-04  6.88 it/s  ETA 53m
    ep 0 step 1600/23499  loss 2.7400  lr 1.90e-04  6.88 it/s  ETA 53m
    ep 0 step 1700/23499  loss 2.7316  lr 1.90e-04  6.88 it/s  ETA 53m
    ep 0 step 1800/23499  loss 2.7094  lr 1.89e-04  6.88 it/s  ETA 53m
    ep 0 step 1900/23499  loss 2.7435  lr 1.88e-04  6.88 it/s  ETA 52m
    ep 0 step 2000/23499  loss 2.7322  lr 1.87e-04  6.88 it/s  ETA 52m
    ep 0 step 2100/23499  loss 2.7312  lr 1.86e-04  6.88 it/s  ETA 52m
    ep 0 step 2200/23499  loss 2.7130  lr 1.85e-04  6.88 it/s  ETA 52m
    ep 0 step 2300/23499  loss 2.6990  lr 1.84e-04  6.88 it/s  ETA 51m
    ep 0 step 2400/23499  loss 2.7394  lr 1.83e-04  6.88 it/s  ETA 51m
    ep 0 step 2500/23499  loss 2.7389  lr 1.83e-04  6.89 it/s  ETA 51m
    ep 0 step 2600/23499  loss 2.6852  lr 1.82e-04  6.90 it/s  ETA 50m
    ep 0 step 2700/23499  loss 2.6999  lr 1.81e-04  6.91 it/s  ETA 50m
    ep 0 step 2800/23499  loss 2.6992  lr 1.80e-04  6.93 it/s  ETA 50m
    ep 0 step 2900/23499  loss 2.6971  lr 1.79e-04  6.94 it/s  ETA 49m
    ep 0 step 3000/23499  loss 2.6959  lr 1.78e-04  6.95 it/s  ETA 49m
    ep 0 step 3100/23499  loss 2.7241  lr 1.77e-04  6.96 it/s  ETA 49m
    ep 0 step 3200/23499  loss 2.6899  lr 1.77e-04  6.97 it/s  ETA 49m
    ep 0 step 3300/23499  loss 2.7149  lr 1.76e-04  6.97 it/s  ETA 48m
    ep 0 step 3400/23499  loss 2.7304  lr 1.75e-04  6.98 it/s  ETA 48m
    ep 0 step 3500/23499  loss 2.6970  lr 1.74e-04  6.98 it/s  ETA 48m
    ep 0 step 3600/23499  loss 2.6911  lr 1.73e-04  6.97 it/s  ETA 48m
    ep 0 step 3700/23499  loss 2.6981  lr 1.72e-04  6.97 it/s  ETA 47m
    ep 0 step 3800/23499  loss 2.7333  lr 1.71e-04  6.97 it/s  ETA 47m
    ep 0 step 3900/23499  loss 2.7196  lr 1.70e-04  6.97 it/s  ETA 47m
    ep 0 step 4000/23499  loss 2.7289  lr 1.70e-04  6.98 it/s  ETA 47m
    ep 0 step 4100/23499  loss 2.6944  lr 1.69e-04  6.99 it/s  ETA 46m
    ep 0 step 4200/23499  loss 2.6991  lr 1.68e-04  6.99 it/s  ETA 46m
    ep 0 step 4300/23499  loss 2.7001  lr 1.67e-04  7.00 it/s  ETA 46m
    ep 0 step 4400/23499  loss 2.6661  lr 1.66e-04  7.00 it/s  ETA 45m
    ep 0 step 4500/23499  loss 2.6859  lr 1.65e-04  7.00 it/s  ETA 45m
    ep 0 step 4600/23499  loss 2.7032  lr 1.64e-04  7.00 it/s  ETA 45m
    ep 0 step 4700/23499  loss 2.6937  lr 1.63e-04  7.00 it/s  ETA 45m
    ep 0 step 4800/23499  loss 2.6733  lr 1.63e-04  6.99 it/s  ETA 45m
    ep 0 step 4900/23499  loss 2.6604  lr 1.62e-04  6.99 it/s  ETA 44m
    ep 0 step 5000/23499  loss 2.6647  lr 1.61e-04  6.99 it/s  ETA 44m
    ep 0 step 5100/23499  loss 2.6678  lr 1.60e-04  6.99 it/s  ETA 44m
    ep 0 step 5200/23499  loss 2.6819  lr 1.59e-04  6.99 it/s  ETA 44m
    ep 0 step 5300/23499  loss 2.6555  lr 1.58e-04  6.99 it/s  ETA 43m
    ep 0 step 5400/23499  loss 2.6288  lr 1.57e-04  6.98 it/s  ETA 43m
    ep 0 step 5500/23499  loss 2.6591  lr 1.57e-04  6.98 it/s  ETA 43m
    ep 0 step 5600/23499  loss 2.6630  lr 1.56e-04  6.98 it/s  ETA 43m
    ep 0 step 5700/23499  loss 2.6764  lr 1.55e-04  6.98 it/s  ETA 43m
    ep 0 step 5800/23499  loss 2.6919  lr 1.54e-04  6.98 it/s  ETA 42m
    ep 0 step 5900/23499  loss 2.6567  lr 1.53e-04  6.98 it/s  ETA 42m
    ep 0 step 6000/23499  loss 2.6504  lr 1.52e-04  6.98 it/s  ETA 42m
    ep 0 step 6100/23499  loss 2.6352  lr 1.51e-04  6.97 it/s  ETA 42m
    ep 0 step 6200/23499  loss 2.6849  lr 1.50e-04  6.97 it/s  ETA 41m
    ep 0 step 6300/23499  loss 2.6864  lr 1.50e-04  6.97 it/s  ETA 41m
    ep 0 step 6400/23499  loss 2.6470  lr 1.49e-04  6.97 it/s  ETA 41m
    ep 0 step 6500/23499  loss 2.6615  lr 1.48e-04  6.97 it/s  ETA 41m
    ep 0 step 6600/23499  loss 2.6461  lr 1.47e-04  6.97 it/s  ETA 40m
    ep 0 step 6700/23499  loss 2.6482  lr 1.46e-04  6.96 it/s  ETA 40m
    ep 0 step 6800/23499  loss 2.6483  lr 1.45e-04  6.96 it/s  ETA 40m
    ep 0 step 6900/23499  loss 2.6815  lr 1.44e-04  6.96 it/s  ETA 40m
    ep 0 step 7000/23499  loss 2.6545  lr 1.43e-04  6.96 it/s  ETA 39m
    ep 0 step 7100/23499  loss 2.6651  lr 1.43e-04  6.96 it/s  ETA 39m
    ep 0 step 7200/23499  loss 2.6435  lr 1.42e-04  6.97 it/s  ETA 39m
    ep 0 step 7300/23499  loss 2.6482  lr 1.41e-04  6.97 it/s  ETA 39m
    ep 0 step 7400/23499  loss 2.6828  lr 1.40e-04  6.97 it/s  ETA 38m
    ep 0 step 7500/23499  loss 2.6427  lr 1.39e-04  6.97 it/s  ETA 38m
    ep 0 step 7600/23499  loss 2.6419  lr 1.38e-04  6.97 it/s  ETA 38m
    ep 0 step 7700/23499  loss 2.6504  lr 1.37e-04  6.97 it/s  ETA 38m
    ep 0 step 7800/23499  loss 2.6627  lr 1.37e-04  6.97 it/s  ETA 38m
[W1009 04:26:58.806997584 CUDACachingAllocator.cpp:3933] memory allocation failed with OOM on device 0 while trying to allocate 1107296256 bytes (free: 455671808, total: 42405855232).
[W1009 04:27:01.415786399 CUDACachingAllocator.cpp:3933] memory allocation failed with OOM on device 0 while trying to allocate 1358954496 bytes (free: 472449024, total: 42405855232).
[W1009 04:27:04.062936444 CUDACachingAllocator.cpp:3933] memory allocation failed with OOM on device 0 while trying to allocate 1560281088 bytes (free: 321454080, total: 42405855232).
[W1009 04:27:06.703782594 CUDACachingAllocator.cpp:3933] memory allocation failed with OOM on device 0 while trying to allocate 1728053248 bytes (free: 1663631360, total: 42405855232).
[W1009 04:27:07.677743146 CUDACachingAllocator.cpp:3933] memory allocation failed with OOM on device 0 while trying to allocate 2013265920 bytes (free: 1089011712, total: 42405855232).
[W1009 04:27:08.712166896 CUDACachingAllocator.cpp:3933] memory allocation failed with OOM on device 0 while trying to allocate 2466250752 bytes (free: 1860763648, total: 42405855232).
[W1009 04:27:09.694145778 CUDACachingAllocator.cpp:3933] memory allocation failed with OOM on device 0 while trying to allocate 3019898880 bytes (free: 2078867456, total: 42405855232).
    [ep 0] val loss 1.1298  ppl 3.095  train 1.0063  gap +0.1235  (19s)  <- tot nhat
    ep 1 step 7900/23499  loss 2.6783  lr 1.36e-04  6.85 it/s  ETA 38m
    ep 1 step 8000/23499  loss 2.6369  lr 1.35e-04  6.86 it/s  ETA 38m
    ep 1 step 8100/23499  loss 2.6482  lr 1.34e-04  6.86 it/s  ETA 37m
    ep 1 step 8200/23499  loss 2.6515  lr 1.33e-04  6.87 it/s  ETA 37m
    ep 1 step 8300/23499  loss 2.6640  lr 1.32e-04  6.87 it/s  ETA 37m
    ep 1 step 8400/23499  loss 2.6457  lr 1.31e-04  6.87 it/s  ETA 37m
    ep 1 step 8500/23499  loss 2.6155  lr 1.30e-04  6.87 it/s  ETA 36m
    ep 1 step 8600/23499  loss 2.6139  lr 1.30e-04  6.88 it/s  ETA 36m
    ep 1 step 8700/23499  loss 2.6683  lr 1.29e-04  6.88 it/s  ETA 36m
    ep 1 step 8800/23499  loss 2.6192  lr 1.28e-04  6.88 it/s  ETA 36m
    ep 1 step 8900/23499  loss 2.6224  lr 1.27e-04  6.89 it/s  ETA 35m
    ep 1 step 9000/23499  loss 2.6400  lr 1.26e-04  6.89 it/s  ETA 35m
    ep 1 step 9100/23499  loss 2.6574  lr 1.25e-04  6.89 it/s  ETA 35m
    ep 1 step 9200/23499  loss 2.6471  lr 1.24e-04  6.89 it/s  ETA 35m
    ep 1 step 9300/23499  loss 2.6215  lr 1.23e-04  6.89 it/s  ETA 34m
    ep 1 step 9400/23499  loss 2.6075  lr 1.23e-04  6.90 it/s  ETA 34m
    ep 1 step 9500/23499  loss 2.6145  lr 1.22e-04  6.90 it/s  ETA 34m
    ep 1 step 9600/23499  loss 2.6137  lr 1.21e-04  6.90 it/s  ETA 34m
    ep 1 step 9700/23499  loss 2.6107  lr 1.20e-04  6.90 it/s  ETA 33m
    ep 1 step 9800/23499  loss 2.6311  lr 1.19e-04  6.90 it/s  ETA 33m
    ep 1 step 9900/23499  loss 2.6523  lr 1.18e-04  6.90 it/s  ETA 33m
    ep 1 step 10000/23499  loss 2.6165  lr 1.17e-04  6.90 it/s  ETA 33m
    ep 1 step 10100/23499  loss 2.6567  lr 1.17e-04  6.90 it/s  ETA 32m
    ep 1 step 10200/23499  loss 2.6584  lr 1.16e-04  6.90 it/s  ETA 32m
    ep 1 step 10300/23499  loss 2.6433  lr 1.15e-04  6.90 it/s  ETA 32m
    ep 1 step 10400/23499  loss 2.6142  lr 1.14e-04  6.90 it/s  ETA 32m
    ep 1 step 10500/23499  loss 2.6269  lr 1.13e-04  6.90 it/s  ETA 31m
    ep 1 step 10600/23499  loss 2.6589  lr 1.12e-04  6.90 it/s  ETA 31m
    ep 1 step 10700/23499  loss 2.6459  lr 1.11e-04  6.90 it/s  ETA 31m
    ep 1 step 10800/23499  loss 2.6442  lr 1.10e-04  6.91 it/s  ETA 31m
    ep 1 step 10900/23499  loss 2.6434  lr 1.10e-04  6.91 it/s  ETA 30m
    ep 1 step 11000/23499  loss 2.6242  lr 1.09e-04  6.91 it/s  ETA 30m
    ep 1 step 11100/23499  loss 2.6851  lr 1.08e-04  6.92 it/s  ETA 30m
    ep 1 step 11200/23499  loss 2.6348  lr 1.07e-04  6.92 it/s  ETA 30m
    ep 1 step 11300/23499  loss 2.6153  lr 1.06e-04  6.91 it/s  ETA 29m
    ep 1 step 11400/23499  loss 2.6262  lr 1.05e-04  6.91 it/s  ETA 29m
    ep 1 step 11500/23499  loss 2.6665  lr 1.04e-04  6.91 it/s  ETA 29m
    ep 1 step 11600/23499  loss 2.6427  lr 1.03e-04  6.91 it/s  ETA 29m
    ep 1 step 11700/23499  loss 2.6462  lr 1.03e-04  6.91 it/s  ETA 28m
    ep 1 step 11800/23499  loss 2.6363  lr 1.02e-04  6.91 it/s  ETA 28m
    ep 1 step 11900/23499  loss 2.6521  lr 1.01e-04  6.91 it/s  ETA 28m
    ep 1 step 12000/23499  loss 2.6147  lr 1.00e-04  6.91 it/s  ETA 28m
    ep 1 step 12100/23499  loss 2.6212  lr 9.91e-05  6.91 it/s  ETA 27m
    ep 1 step 12200/23499  loss 2.6743  lr 9.83e-05  6.91 it/s  ETA 27m
    ep 1 step 12300/23499  loss 2.6303  lr 9.74e-05  6.91 it/s  ETA 27m
    ep 1 step 12400/23499  loss 2.6503  lr 9.65e-05  6.91 it/s  ETA 27m
    ep 1 step 12500/23499  loss 2.6455  lr 9.56e-05  6.92 it/s  ETA 27m
    ep 1 step 12600/23499  loss 2.6121  lr 9.48e-05  6.92 it/s  ETA 26m
    ep 1 step 12700/23499  loss 2.6441  lr 9.39e-05  6.92 it/s  ETA 26m
    ep 1 step 12800/23499  loss 2.6466  lr 9.30e-05  6.92 it/s  ETA 26m
    ep 1 step 12900/23499  loss 2.6088  lr 9.22e-05  6.92 it/s  ETA 26m
    ep 1 step 13000/23499  loss 2.6267  lr 9.13e-05  6.92 it/s  ETA 25m
    ep 1 step 13100/23499  loss 2.6349  lr 9.04e-05  6.92 it/s  ETA 25m
    ep 1 step 13200/23499  loss 2.6203  lr 8.96e-05  6.92 it/s  ETA 25m
    ep 1 step 13300/23499  loss 2.6262  lr 8.87e-05  6.92 it/s  ETA 25m
    ep 1 step 13400/23499  loss 2.6338  lr 8.78e-05  6.92 it/s  ETA 24m
    ep 1 step 13500/23499  loss 2.6379  lr 8.70e-05  6.92 it/s  ETA 24m
    ep 1 step 13600/23499  loss 2.6545  lr 8.61e-05  6.92 it/s  ETA 24m
    ep 1 step 13700/23499  loss 2.6473  lr 8.52e-05  6.92 it/s  ETA 24m
    ep 1 step 13800/23499  loss 2.6379  lr 8.43e-05  6.92 it/s  ETA 23m
    ep 1 step 13900/23499  loss 2.6166  lr 8.35e-05  6.92 it/s  ETA 23m
    ep 1 step 14000/23499  loss 2.6134  lr 8.26e-05  6.93 it/s  ETA 23m
    ep 1 step 14100/23499  loss 2.6356  lr 8.17e-05  6.93 it/s  ETA 23m
    ep 1 step 14200/23499  loss 2.6133  lr 8.09e-05  6.93 it/s  ETA 22m
    ep 1 step 14300/23499  loss 2.6425  lr 8.00e-05  6.93 it/s  ETA 22m
    ep 1 step 14400/23499  loss 2.6129  lr 7.91e-05  6.93 it/s  ETA 22m
    ep 1 step 14500/23499  loss 2.6310  lr 7.83e-05  6.93 it/s  ETA 22m
    ep 1 step 14600/23499  loss 2.6598  lr 7.74e-05  6.93 it/s  ETA 21m
    ep 1 step 14700/23499  loss 2.6081  lr 7.65e-05  6.93 it/s  ETA 21m
    ep 1 step 14800/23499  loss 2.6261  lr 7.56e-05  6.93 it/s  ETA 21m
    ep 1 step 14900/23499  loss 2.6422  lr 7.48e-05  6.93 it/s  ETA 21m
    ep 1 step 15000/23499  loss 2.6472  lr 7.39e-05  6.93 it/s  ETA 20m
    ep 1 step 15100/23499  loss 2.6446  lr 7.30e-05  6.93 it/s  ETA 20m
    ep 1 step 15200/23499  loss 2.6345  lr 7.22e-05  6.93 it/s  ETA 20m
    ep 1 step 15300/23499  loss 2.6328  lr 7.13e-05  6.93 it/s  ETA 20m
    ep 1 step 15400/23499  loss 2.6188  lr 7.04e-05  6.93 it/s  ETA 19m
    ep 1 step 15500/23499  loss 2.5708  lr 6.96e-05  6.93 it/s  ETA 19m
    ep 1 step 15600/23499  loss 2.6274  lr 6.87e-05  6.93 it/s  ETA 19m
    [ep 1] val loss 1.1027  ppl 3.012  train 0.9703  gap +0.1324  (17s)  <- tot nhat
    ep 2 step 15700/23499  loss 2.6284  lr 6.78e-05  6.88 it/s  ETA 19m
    ep 2 step 15800/23499  loss 2.6229  lr 6.70e-05  6.88 it/s  ETA 19m
    ep 2 step 15900/23499  loss 2.6196  lr 6.61e-05  6.88 it/s  ETA 18m
    ep 2 step 16000/23499  loss 2.6566  lr 6.52e-05  6.88 it/s  ETA 18m
    ep 2 step 16100/23499  loss 2.6006  lr 6.43e-05  6.89 it/s  ETA 18m
    ep 2 step 16200/23499  loss 2.5848  lr 6.35e-05  6.89 it/s  ETA 18m
    ep 2 step 16300/23499  loss 2.5991  lr 6.26e-05  6.89 it/s  ETA 17m
    ep 2 step 16400/23499  loss 2.5859  lr 6.17e-05  6.89 it/s  ETA 17m
    ep 2 step 16500/23499  loss 2.6238  lr 6.09e-05  6.89 it/s  ETA 17m
    ep 2 step 16600/23499  loss 2.6660  lr 6.00e-05  6.89 it/s  ETA 17m
    ep 2 step 16700/23499  loss 2.6366  lr 5.91e-05  6.89 it/s  ETA 16m
    ep 2 step 16800/23499  loss 2.5865  lr 5.83e-05  6.89 it/s  ETA 16m
    ep 2 step 16900/23499  loss 2.6130  lr 5.74e-05  6.90 it/s  ETA 16m
    ep 2 step 17000/23499  loss 2.5790  lr 5.65e-05  6.90 it/s  ETA 16m
    ep 2 step 17100/23499  loss 2.6335  lr 5.56e-05  6.90 it/s  ETA 15m
    ep 2 step 17200/23499  loss 2.6118  lr 5.48e-05  6.90 it/s  ETA 15m
    ep 2 step 17300/23499  loss 2.5905  lr 5.39e-05  6.90 it/s  ETA 15m
    ep 2 step 17400/23499  loss 2.6037  lr 5.30e-05  6.90 it/s  ETA 15m
    ep 2 step 17500/23499  loss 2.5946  lr 5.22e-05  6.90 it/s  ETA 14m
    ep 2 step 17600/23499  loss 2.6030  lr 5.13e-05  6.90 it/s  ETA 14m
    ep 2 step 17700/23499  loss 2.6260  lr 5.04e-05  6.90 it/s  ETA 14m
    ep 2 step 17800/23499  loss 2.6206  lr 4.96e-05  6.90 it/s  ETA 14m
    ep 2 step 17900/23499  loss 2.6228  lr 4.87e-05  6.90 it/s  ETA 14m
    ep 2 step 18000/23499  loss 2.6236  lr 4.78e-05  6.90 it/s  ETA 13m
    ep 2 step 18100/23499  loss 2.6017  lr 4.69e-05  6.90 it/s  ETA 13m
    ep 2 step 18200/23499  loss 2.5981  lr 4.61e-05  6.90 it/s  ETA 13m
    ep 2 step 18300/23499  loss 2.6198  lr 4.52e-05  6.90 it/s  ETA 13m
    ep 2 step 18400/23499  loss 2.6396  lr 4.43e-05  6.90 it/s  ETA 12m
    ep 2 step 18500/23499  loss 2.6162  lr 4.35e-05  6.90 it/s  ETA 12m
    ep 2 step 18600/23499  loss 2.6087  lr 4.26e-05  6.90 it/s  ETA 12m
    ep 2 step 18700/23499  loss 2.6158  lr 4.17e-05  6.90 it/s  ETA 12m
    ep 2 step 18800/23499  loss 2.6266  lr 4.09e-05  6.90 it/s  ETA 11m
    ep 2 step 18900/23499  loss 2.5952  lr 4.00e-05  6.90 it/s  ETA 11m
    ep 2 step 19000/23499  loss 2.5788  lr 3.91e-05  6.90 it/s  ETA 11m
    ep 2 step 19100/23499  loss 2.6454  lr 3.83e-05  6.90 it/s  ETA 11m
    ep 2 step 19200/23499  loss 2.6258  lr 3.74e-05  6.90 it/s  ETA 10m
    ep 2 step 19300/23499  loss 2.5842  lr 3.65e-05  6.90 it/s  ETA 10m
    ep 2 step 19400/23499  loss 2.6317  lr 3.56e-05  6.90 it/s  ETA 10m
    ep 2 step 19500/23499  loss 2.5975  lr 3.48e-05  6.90 it/s  ETA 10m
    ep 2 step 19600/23499  loss 2.5960  lr 3.39e-05  6.90 it/s  ETA 9m
    ep 2 step 19700/23499  loss 2.6288  lr 3.30e-05  6.90 it/s  ETA 9m
    ep 2 step 19800/23499  loss 2.6071  lr 3.22e-05  6.90 it/s  ETA 9m
    ep 2 step 19900/23499  loss 2.6546  lr 3.13e-05  6.90 it/s  ETA 9m
    ep 2 step 20000/23499  loss 2.6290  lr 3.04e-05  6.90 it/s  ETA 8m
    ep 2 step 20100/23499  loss 2.6180  lr 2.96e-05  6.90 it/s  ETA 8m
    ep 2 step 20200/23499  loss 2.6083  lr 2.87e-05  6.90 it/s  ETA 8m
    ep 2 step 20300/23499  loss 2.6093  lr 2.78e-05  6.90 it/s  ETA 8m
    ep 2 step 20400/23499  loss 2.5909  lr 2.69e-05  6.90 it/s  ETA 7m
    ep 2 step 20500/23499  loss 2.6217  lr 2.61e-05  6.90 it/s  ETA 7m
    ep 2 step 20600/23499  loss 2.6245  lr 2.52e-05  6.90 it/s  ETA 7m
    ep 2 step 20700/23499  loss 2.6005  lr 2.43e-05  6.90 it/s  ETA 7m
    ep 2 step 20800/23499  loss 2.5752  lr 2.35e-05  6.90 it/s  ETA 7m
    ep 2 step 20900/23499  loss 2.6332  lr 2.26e-05  6.90 it/s  ETA 6m
    ep 2 step 21000/23499  loss 2.6173  lr 2.17e-05  6.90 it/s  ETA 6m
    ep 2 step 21100/23499  loss 2.5872  lr 2.09e-05  6.90 it/s  ETA 6m
    ep 2 step 21200/23499  loss 2.6130  lr 2.00e-05  6.90 it/s  ETA 6m
    ep 2 step 21300/23499  loss 2.6169  lr 1.91e-05  6.90 it/s  ETA 5m
    ep 2 step 21400/23499  loss 2.6121  lr 1.83e-05  6.90 it/s  ETA 5m
    ep 2 step 21500/23499  loss 2.5851  lr 1.74e-05  6.90 it/s  ETA 5m
    ep 2 step 21600/23499  loss 2.6357  lr 1.65e-05  6.90 it/s  ETA 5m
    ep 2 step 21700/23499  loss 2.6095  lr 1.56e-05  6.90 it/s  ETA 4m
    ep 2 step 21800/23499  loss 2.6238  lr 1.48e-05  6.90 it/s  ETA 4m
    ep 2 step 21900/23499  loss 2.6163  lr 1.39e-05  6.90 it/s  ETA 4m
    ep 2 step 22000/23499  loss 2.6331  lr 1.30e-05  6.90 it/s  ETA 4m
    ep 2 step 22100/23499  loss 2.5987  lr 1.22e-05  6.90 it/s  ETA 3m
    ep 2 step 22200/23499  loss 2.6258  lr 1.13e-05  6.90 it/s  ETA 3m
    ep 2 step 22300/23499  loss 2.5918  lr 1.04e-05  6.90 it/s  ETA 3m
    ep 2 step 22400/23499  loss 2.6416  lr 9.56e-06  6.90 it/s  ETA 3m
    ep 2 step 22500/23499  loss 2.6528  lr 8.69e-06  6.90 it/s  ETA 2m
    ep 2 step 22600/23499  loss 2.6018  lr 7.82e-06  6.90 it/s  ETA 2m
    ep 2 step 22700/23499  loss 2.6466  lr 6.95e-06  6.90 it/s  ETA 2m
    ep 2 step 22800/23499  loss 2.5913  lr 6.08e-06  6.90 it/s  ETA 2m
    ep 2 step 22900/23499  loss 2.6333  lr 5.21e-06  6.91 it/s  ETA 1m
    ep 2 step 23000/23499  loss 2.5772  lr 4.34e-06  6.91 it/s  ETA 1m
    ep 2 step 23100/23499  loss 2.6216  lr 3.47e-06  6.91 it/s  ETA 1m
    ep 2 step 23200/23499  loss 2.6072  lr 2.60e-06  6.91 it/s  ETA 1m
    ep 2 step 23300/23499  loss 2.6071  lr 1.73e-06  6.91 it/s  ETA 0m
    ep 2 step 23400/23499  loss 2.5935  lr 8.61e-07  6.91 it/s  ETA 0m
    [ep 2] val loss 1.1045  ppl 3.018  train 0.9707  gap +0.1338  (17s)
[transformers] Both `max_new_tokens` (=64) and `max_length`(=32768) seem to have been set. `max_new_tokens` will take precedence. Please refer to the documentation for more information. (https://huggingface.co/docs/transformers/main/en/main_classes/text_generation)
    luu runs_dart_g3_1b/rowspace_r11_colperm_s0_last.pt  (0.6 MB)
    luu runs_dart_g3_1b/rowspace_r11_colperm_s0_best.pt  (epoch 1, val 1.1027)
    -> khoi phuc epoch 1 (val 1.1027), thay vi epoch cuoi (1.1045)
      sinh 32/1500  (4s)
[transformers] Both `max_new_tokens` (=64) and `max_length`(=32768) seem to have been set. `max_new_tokens` will take precedence. Please refer to the documentation for more information. (https://huggingface.co/docs/transformers/main/en/main_classes/text_generation)
[transformers] Both `max_new_tokens` (=64) and `max_length`(=32768) seem to have been set. `max_new_tokens` will take precedence. Please refer to the documentation for more information. (https://huggingface.co/docs/transformers/main/en/main_classes/text_generation)
[transformers] Both `max_new_tokens` (=64) and `max_length`(=32768) seem to have been set. `max_new_tokens` will take precedence. Please refer to the documentation for more information. (https://huggingface.co/docs/transformers/main/en/main_classes/text_generation)
[transformers] Both `max_new_tokens` (=64) and `max_length`(=32768) seem to have been set. `max_new_tokens` will take precedence. Please refer to the documentation for more information. (https://huggingface.co/docs/transformers/main/en/main_classes/text_generation)
[transformers] Both `max_new_tokens` (=64) and `max_length`(=32768) seem to have been set. `max_new_tokens` will take precedence. Please refer to the documentation for more information. (https://huggingface.co/docs/transformers/main/en/main_classes/text_generation)
[transformers] Both `max_new_tokens` (=64) and `max_length`(=32768) seem to have been set. `max_new_tokens` will take precedence. Please refer to the documentation for more information. (https://huggingface.co/docs/transformers/main/en/main_classes/text_generation)
[transformers] Both `max_new_tokens` (=64) and `max_length`(=32768) seem to have been set. `max_new_tokens` will take precedence. Please refer to the documentation for more information. (https://huggingface.co/docs/transformers/main/en/main_classes/text_generation)
[transformers] Both `max_new_tokens` (=64) and `max_length`(=32768) seem to have been set. `max_new_tokens` will take precedence. Please refer to the documentation for more information. (https://huggingface.co/docs/transformers/main/en/main_classes/text_generation)
[transformers] Both `max_new_tokens` (=64) and `max_length`(=32768) seem to have been set. `max_new_tokens` will take precedence. Please refer to the documentation for more information. (https://huggingface.co/docs/transformers/main/en/main_classes/text_generation)
[transformers] Both `max_new_tokens` (=64) and `max_length`(=32768) seem to have been set. `max_new_tokens` will take precedence. Please refer to the documentation for more information. (https://huggingface.co/docs/transformers/main/en/main_classes/text_generation)
[transformers] Both `max_new_tokens` (=64) and `max_length`(=32768) seem to have been set. `max_new_tokens` will take precedence. Please refer to the documentation for more information. (https://huggingface.co/docs/transformers/main/en/main_classes/text_generation)
[transformers] Both `max_new_tokens` (=64) and `max_length`(=32768) seem to have been set. `max_new_tokens` will take precedence. Please refer to the documentation for more information. (https://huggingface.co/docs/transformers/main/en/main_classes/text_generation)
[transformers] Both `max_new_tokens` (=64) and `max_length`(=32768) seem to have been set. `max_new_tokens` will take precedence. Please refer to the documentation for more information. (https://huggingface.co/docs/transformers/main/en/main_classes/text_generation)
[transformers] Both `max_new_tokens` (=64) and `max_length`(=32768) seem to have been set. `max_new_tokens` will take precedence. Please refer to the documentation for more information. (https://huggingface.co/docs/transformers/main/en/main_classes/text_generation)
[transformers] Both `max_new_tokens` (=64) and `max_length`(=32768) seem to have been set. `max_new_tokens` will take precedence. Please refer to the documentation for more information. (https://huggingface.co/docs/transformers/main/en/main_classes/text_generation)
[transformers] Both `max_new_tokens` (=64) and `max_length`(=32768) seem to have been set. `max_new_tokens` will take precedence. Please refer to the documentation for more information. (https://huggingface.co/docs/transformers/main/en/main_classes/text_generation)
[transformers] Both `max_new_tokens` (=64) and `max_length`(=32768) seem to have been set. `max_new_tokens` will take precedence. Please refer to the documentation for more information. (https://huggingface.co/docs/transformers/main/en/main_classes/text_generation)
[transformers] Both `max_new_tokens` (=64) and `max_length`(=32768) seem to have been set. `max_new_tokens` will take precedence. Please refer to the documentation for more information. (https://huggingface.co/docs/transformers/main/en/main_classes/text_generation)
[transformers] Both `max_new_tokens` (=64) and `max_length`(=32768) seem to have been set. `max_new_tokens` will take precedence. Please refer to the documentation for more information. (https://huggingface.co/docs/transformers/main/en/main_classes/text_generation)
[transformers] Both `max_new_tokens` (=64) and `max_length`(=32768) seem to have been set. `max_new_tokens` will take precedence. Please refer to the documentation for more information. (https://huggingface.co/docs/transformers/main/en/main_classes/text_generation)
      sinh 672/1500  (76s)
[transformers] Both `max_new_tokens` (=64) and `max_length`(=32768) seem to have been set. `max_new_tokens` will take precedence. Please refer to the documentation for more information. (https://huggingface.co/docs/transformers/main/en/main_classes/text_generation)
[transformers] Both `max_new_tokens` (=64) and `max_length`(=32768) seem to have been set. `max_new_tokens` will take precedence. Please refer to the documentation for more information. (https://huggingface.co/docs/transformers/main/en/main_classes/text_generation)
[transformers] Both `max_new_tokens` (=64) and `max_length`(=32768) seem to have been set. `max_new_tokens` will take precedence. Please refer to the documentation for more information. (https://huggingface.co/docs/transformers/main/en/main_classes/text_generation)
[transformers] Both `max_new_tokens` (=64) and `max_length`(=32768) seem to have been set. `max_new_tokens` will take precedence. Please refer to the documentation for more information. (https://huggingface.co/docs/transformers/main/en/main_classes/text_generation)
[transformers] Both `max_new_tokens` (=64) and `max_length`(=32768) seem to have been set. `max_new_tokens` will take precedence. Please refer to the documentation for more information. (https://huggingface.co/docs/transformers/main/en/main_classes/text_generation)
[transformers] Both `max_new_tokens` (=64) and `max_length`(=32768) seem to have been set. `max_new_tokens` will take precedence. Please refer to the documentation for more information. (https://huggingface.co/docs/transformers/main/en/main_classes/text_generation)
[transformers] Both `max_new_tokens` (=64) and `max_length`(=32768) seem to have been set. `max_new_tokens` will take precedence. Please refer to the documentation for more information. (https://huggingface.co/docs/transformers/main/en/main_classes/text_generation)
[transformers] Both `max_new_tokens` (=64) and `max_length`(=32768) seem to have been set. `max_new_tokens` will take precedence. Please refer to the documentation for more information. (https://huggingface.co/docs/transformers/main/en/main_classes/text_generation)
[transformers] Both `max_new_tokens` (=64) and `max_length`(=32768) seem to have been set. `max_new_tokens` will take precedence. Please refer to the documentation for more information. (https://huggingface.co/docs/transformers/main/en/main_classes/text_generation)
[transformers] Both `max_new_tokens` (=64) and `max_length`(=32768) seem to have been set. `max_new_tokens` will take precedence. Please refer to the documentation for more information. (https://huggingface.co/docs/transformers/main/en/main_classes/text_generation)
[transformers] Both `max_new_tokens` (=64) and `max_length`(=32768) seem to have been set. `max_new_tokens` will take precedence. Please refer to the documentation for more information. (https://huggingface.co/docs/transformers/main/en/main_classes/text_generation)
[transformers] Both `max_new_tokens` (=64) and `max_length`(=32768) seem to have been set. `max_new_tokens` will take precedence. Please refer to the documentation for more information. (https://huggingface.co/docs/transformers/main/en/main_classes/text_generation)
[transformers] Both `max_new_tokens` (=64) and `max_length`(=32768) seem to have been set. `max_new_tokens` will take precedence. Please refer to the documentation for more information. (https://huggingface.co/docs/transformers/main/en/main_classes/text_generation)
[transformers] Both `max_new_tokens` (=64) and `max_length`(=32768) seem to have been set. `max_new_tokens` will take precedence. Please refer to the documentation for more information. (https://huggingface.co/docs/transformers/main/en/main_classes/text_generation)
[transformers] Both `max_new_tokens` (=64) and `max_length`(=32768) seem to have been set. `max_new_tokens` will take precedence. Please refer to the documentation for more information. (https://huggingface.co/docs/transformers/main/en/main_classes/text_generation)
[transformers] Both `max_new_tokens` (=64) and `max_length`(=32768) seem to have been set. `max_new_tokens` will take precedence. Please refer to the documentation for more information. (https://huggingface.co/docs/transformers/main/en/main_classes/text_generation)
[transformers] Both `max_new_tokens` (=64) and `max_length`(=32768) seem to have been set. `max_new_tokens` will take precedence. Please refer to the documentation for more information. (https://huggingface.co/docs/transformers/main/en/main_classes/text_generation)
[transformers] Both `max_new_tokens` (=64) and `max_length`(=32768) seem to have been set. `max_new_tokens` will take precedence. Please refer to the documentation for more information. (https://huggingface.co/docs/transformers/main/en/main_classes/text_generation)
[transformers] Both `max_new_tokens` (=64) and `max_length`(=32768) seem to have been set. `max_new_tokens` will take precedence. Please refer to the documentation for more information. (https://huggingface.co/docs/transformers/main/en/main_classes/text_generation)
[transformers] Both `max_new_tokens` (=64) and `max_length`(=32768) seem to have been set. `max_new_tokens` will take precedence. Please refer to the documentation for more information. (https://huggingface.co/docs/transformers/main/en/main_classes/text_generation)
      sinh 1312/1500  (166s)
[transformers] Both `max_new_tokens` (=64) and `max_length`(=32768) seem to have been set. `max_new_tokens` will take precedence. Please refer to the documentation for more information. (https://huggingface.co/docs/transformers/main/en/main_classes/text_generation)
[transformers] Both `max_new_tokens` (=64) and `max_length`(=32768) seem to have been set. `max_new_tokens` will take precedence. Please refer to the documentation for more information. (https://huggingface.co/docs/transformers/main/en/main_classes/text_generation)
[transformers] Both `max_new_tokens` (=64) and `max_length`(=32768) seem to have been set. `max_new_tokens` will take precedence. Please refer to the documentation for more information. (https://huggingface.co/docs/transformers/main/en/main_classes/text_generation)
[transformers] Both `max_new_tokens` (=64) and `max_length`(=32768) seem to have been set. `max_new_tokens` will take precedence. Please refer to the documentation for more information. (https://huggingface.co/docs/transformers/main/en/main_classes/text_generation)
[transformers] Both `max_new_tokens` (=64) and `max_length`(=32768) seem to have been set. `max_new_tokens` will take precedence. Please refer to the documentation for more information. (https://huggingface.co/docs/transformers/main/en/main_classes/text_generation)
[transformers] Both `max_new_tokens` (=64) and `max_length`(=32768) seem to have been set. `max_new_tokens` will take precedence. Please refer to the documentation for more information. (https://huggingface.co/docs/transformers/main/en/main_classes/text_generation)

    [rowspace_r11_colperm_s0]  BLEU-4 = 35.00   ROUGE-L = 55.71   (1500 cau)
    vi du: The episode The Flight of Jewels was written by Jeff Daniels.
    sinh 1500 cau trong 191s (7.84 cau/s, 112 tu/s)

  ket qua -> runs_dart_g3_1b/rowspace_r11_colperm_s0.json  (va them dong vao summary.jsonl)
  cham diem chinh thuc:  python measure_scores.py runs_dart_g3_1b/rowspace_r11_colperm_s0_refs.txt runs_dart_g3_1b/rowspace_r11_colperm_s0_hyps.txt
